Archive member included because of file (symbol)

c:/freescale/kds_3.0.0/toolchain/bin/../lib/gcc/arm-none-eabi/4.8.4/../../../../arm-none-eabi/lib/armv6-m\libm.a(lib_a-s_modf.o)
                              ./SDK/platform/utilities/src/print_scan.o (modf)
c:/freescale/kds_3.0.0/toolchain/bin/../lib/gcc/arm-none-eabi/4.8.4/armv6-m\libgcc.a(_udivsi3.o)
                              ./Sources/main.o (__aeabi_uidiv)
c:/freescale/kds_3.0.0/toolchain/bin/../lib/gcc/arm-none-eabi/4.8.4/armv6-m\libgcc.a(_divsi3.o)
                              ./SDK/platform/utilities/src/print_scan.o (__aeabi_idiv)
c:/freescale/kds_3.0.0/toolchain/bin/../lib/gcc/arm-none-eabi/4.8.4/armv6-m\libgcc.a(_dvmd_tls.o)
                              c:/freescale/kds_3.0.0/toolchain/bin/../lib/gcc/arm-none-eabi/4.8.4/armv6-m\libgcc.a(_udivsi3.o) (__aeabi_idiv0)
c:/freescale/kds_3.0.0/toolchain/bin/../lib/gcc/arm-none-eabi/4.8.4/armv6-m\libgcc.a(_arm_cmpdf2.o)
                              ./SDK/platform/utilities/src/print_scan.o (__aeabi_dcmpeq)
c:/freescale/kds_3.0.0/toolchain/bin/../lib/gcc/arm-none-eabi/4.8.4/armv6-m\libgcc.a(_arm_cmpsf2.o)
                              ./Sources/main.o (__aeabi_fcmplt)
c:/freescale/kds_3.0.0/toolchain/bin/../lib/gcc/arm-none-eabi/4.8.4/armv6-m\libgcc.a(_aeabi_uldivmod.o)
                              ./Generated_Code/osa1.o (__aeabi_uldivmod)
c:/freescale/kds_3.0.0/toolchain/bin/../lib/gcc/arm-none-eabi/4.8.4/armv6-m\libgcc.a(_muldi3.o)
                              ./SDK/platform/utilities/src/print_scan.o (__aeabi_lmul)
c:/freescale/kds_3.0.0/toolchain/bin/../lib/gcc/arm-none-eabi/4.8.4/armv6-m\libgcc.a(_fixunsdfdi.o)
                              ./SDK/platform/utilities/src/print_scan.o (__aeabi_d2ulz)
c:/freescale/kds_3.0.0/toolchain/bin/../lib/gcc/arm-none-eabi/4.8.4/armv6-m\libgcc.a(_floatundidf.o)
                              ./SDK/platform/utilities/src/print_scan.o (__aeabi_ul2d)
c:/freescale/kds_3.0.0/toolchain/bin/../lib/gcc/arm-none-eabi/4.8.4/armv6-m\libgcc.a(bpabi.o)
                              c:/freescale/kds_3.0.0/toolchain/bin/../lib/gcc/arm-none-eabi/4.8.4/armv6-m\libgcc.a(_aeabi_uldivmod.o) (__gnu_uldivmod_helper)
c:/freescale/kds_3.0.0/toolchain/bin/../lib/gcc/arm-none-eabi/4.8.4/armv6-m\libgcc.a(addsf3.o)
                              ./Sources/main.o (__aeabi_fadd)
c:/freescale/kds_3.0.0/toolchain/bin/../lib/gcc/arm-none-eabi/4.8.4/armv6-m\libgcc.a(divsf3.o)
                              ./Sources/main.o (__aeabi_fdiv)
c:/freescale/kds_3.0.0/toolchain/bin/../lib/gcc/arm-none-eabi/4.8.4/armv6-m\libgcc.a(eqsf2.o)
                              c:/freescale/kds_3.0.0/toolchain/bin/../lib/gcc/arm-none-eabi/4.8.4/armv6-m\libgcc.a(_arm_cmpsf2.o) (__eqsf2)
c:/freescale/kds_3.0.0/toolchain/bin/../lib/gcc/arm-none-eabi/4.8.4/armv6-m\libgcc.a(gesf2.o)
                              c:/freescale/kds_3.0.0/toolchain/bin/../lib/gcc/arm-none-eabi/4.8.4/armv6-m\libgcc.a(_arm_cmpsf2.o) (__gesf2)
c:/freescale/kds_3.0.0/toolchain/bin/../lib/gcc/arm-none-eabi/4.8.4/armv6-m\libgcc.a(lesf2.o)
                              c:/freescale/kds_3.0.0/toolchain/bin/../lib/gcc/arm-none-eabi/4.8.4/armv6-m\libgcc.a(_arm_cmpsf2.o) (__lesf2)
c:/freescale/kds_3.0.0/toolchain/bin/../lib/gcc/arm-none-eabi/4.8.4/armv6-m\libgcc.a(mulsf3.o)
                              ./Sources/main.o (__aeabi_fmul)
c:/freescale/kds_3.0.0/toolchain/bin/../lib/gcc/arm-none-eabi/4.8.4/armv6-m\libgcc.a(subsf3.o)
                              ./Sources/main.o (__aeabi_fsub)
c:/freescale/kds_3.0.0/toolchain/bin/../lib/gcc/arm-none-eabi/4.8.4/armv6-m\libgcc.a(floatunsisf.o)
                              ./Sources/main.o (__aeabi_ui2f)
c:/freescale/kds_3.0.0/toolchain/bin/../lib/gcc/arm-none-eabi/4.8.4/armv6-m\libgcc.a(adddf3.o)
                              ./SDK/platform/utilities/src/print_scan.o (__aeabi_dadd)
c:/freescale/kds_3.0.0/toolchain/bin/../lib/gcc/arm-none-eabi/4.8.4/armv6-m\libgcc.a(divdf3.o)
                              ./SDK/platform/utilities/src/print_scan.o (__aeabi_ddiv)
c:/freescale/kds_3.0.0/toolchain/bin/../lib/gcc/arm-none-eabi/4.8.4/armv6-m\libgcc.a(eqdf2.o)
                              c:/freescale/kds_3.0.0/toolchain/bin/../lib/gcc/arm-none-eabi/4.8.4/armv6-m\libgcc.a(_arm_cmpdf2.o) (__eqdf2)
c:/freescale/kds_3.0.0/toolchain/bin/../lib/gcc/arm-none-eabi/4.8.4/armv6-m\libgcc.a(gedf2.o)
                              c:/freescale/kds_3.0.0/toolchain/bin/../lib/gcc/arm-none-eabi/4.8.4/armv6-m\libgcc.a(_arm_cmpdf2.o) (__gedf2)
c:/freescale/kds_3.0.0/toolchain/bin/../lib/gcc/arm-none-eabi/4.8.4/armv6-m\libgcc.a(ledf2.o)
                              c:/freescale/kds_3.0.0/toolchain/bin/../lib/gcc/arm-none-eabi/4.8.4/armv6-m\libgcc.a(_arm_cmpdf2.o) (__ledf2)
c:/freescale/kds_3.0.0/toolchain/bin/../lib/gcc/arm-none-eabi/4.8.4/armv6-m\libgcc.a(muldf3.o)
                              ./SDK/platform/utilities/src/print_scan.o (__aeabi_dmul)
[...]
Memory Configuration

Name             Origin             Length             Attributes
m_interrupts     0x00000000         0x00000200         xr
m_flash_config   0x00000400         0x00000010         xr
m_interrupts_ram 0x1ffff000         0x00000200         rw
m_text           0x00000410         0x0001fbf0         xr
m_data           0x1ffff200         0x00003e00         rw
*default*        0x00000000         0xffffffff

Linker script and memory map

LOAD c:/freescale/kds_3.0.0/toolchain/bin/../lib/gcc/arm-none-eabi/4.8.4/armv6-m/crti.o
LOAD c:/freescale/kds_3.0.0/toolchain/bin/../lib/gcc/arm-none-eabi/4.8.4/armv6-m/crtbegin.o
LOAD c:/freescale/kds_3.0.0/toolchain/bin/../lib/gcc/arm-none-eabi/4.8.4/../../../../arm-none-eabi/lib/armv6-m/crt0.o
LOAD ./Static_Code/System/PE_low_level_init.o
LOAD ./Sources/Events.o
LOAD ./Sources/main.o
LOAD ./SDK/platform/utilities/src/fsl_debug_console.o
LOAD ./SDK/platform/utilities/src/print_scan.o
LOAD ./SDK/platform/system/src/interrupt/fsl_interrupt_manager.o
LOAD ./SDK/platform/system/src/clock/MKL25Z4/fsl_clock_MKL25Z4.o
LOAD ./SDK/platform/system/src/clock/fsl_clock_manager.o
LOAD ./SDK/platform/system/src/clock/fsl_clock_manager_common.o
LOAD ./SDK/platform/osa/src/fsl_os_abstraction_bm.o
LOAD ./SDK/platform/hal/src/uart/fsl_uart_hal.o
LOAD ./SDK/platform/hal/src/sim/MKL25Z4/fsl_sim_hal_MKL25Z4.o
LOAD ./SDK/platform/hal/src/rtc/fsl_rtc_hal.o
LOAD ./SDK/platform/hal/src/port/fsl_port_hal.o
LOAD ./SDK/platform/hal/src/osc/fsl_osc_hal.o
LOAD ./SDK/platform/hal/src/mcg/fsl_mcg_hal.o
LOAD ./SDK/platform/hal/src/mcg/fsl_mcg_hal_modes.o
LOAD ./SDK/platform/hal/src/lpsci/fsl_lpsci_hal.o
LOAD ./SDK/platform/drivers/src/rtc/fsl_rtc_common.o
LOAD ./SDK/platform/devices/MKL25Z4/startup/gcc/startup_MKL25Z4.o
LOAD ./SDK/platform/devices/MKL25Z4/startup/system_MKL25Z4.o
LOAD ./SDK/platform/devices/startup.o
LOAD ./Generated_Code/Cpu.o
LOAD ./Generated_Code/DbgCs1.o
LOAD ./Generated_Code/clockMan1.o
LOAD ./Generated_Code/hardware_init.o
LOAD ./Generated_Code/osa1.o
LOAD ./Generated_Code/pin_init.o
LOAD c:/freescale/kds_3.0.0/toolchain/bin/../lib/gcc/arm-none-eabi/4.8.4/../../../../arm-none-eabi/lib/armv6-m\libstdc++_s.a
LOAD c:/freescale/kds_3.0.0/toolchain/bin/../lib/gcc/arm-none-eabi/4.8.4/../../../../arm-none-eabi/lib/armv6-m\libm.a
START GROUP
LOAD c:/freescale/kds_3.0.0/toolchain/bin/../lib/gcc/arm-none-eabi/4.8.4/armv6-m\libgcc.a
LOAD c:/freescale/kds_3.0.0/toolchain/bin/../lib/gcc/arm-none-eabi/4.8.4/../../../../arm-none-eabi/lib/armv6-m\libg_s.a
LOAD c:/freescale/kds_3.0.0/toolchain/bin/../lib/gcc/arm-none-eabi/4.8.4/../../../../arm-none-eabi/lib/armv6-m\libc_s.a
END GROUP
START GROUP
LOAD c:/freescale/kds_3.0.0/toolchain/bin/../lib/gcc/arm-none-eabi/4.8.4/armv6-m\libgcc.a
LOAD c:/freescale/kds_3.0.0/toolchain/bin/../lib/gcc/arm-none-eabi/4.8.4/../../../../arm-none-eabi/lib/armv6-m\libc_s.a
LOAD c:/freescale/kds_3.0.0/toolchain/bin/../lib/gcc/arm-none-eabi/4.8.4/../../../../arm-none-eabi/lib/armv6-m\libnosys.a
END GROUP
START GROUP
LOAD c:/freescale/kds_3.0.0/toolchain/bin/../lib/gcc/arm-none-eabi/4.8.4/armv6-m\libgcc.a
LOAD c:/freescale/kds_3.0.0/toolchain/bin/../lib/gcc/arm-none-eabi/4.8.4/../../../../arm-none-eabi/lib/armv6-m\libc_s.a
LOAD c:/freescale/kds_3.0.0/toolchain/bin/../lib/gcc/arm-none-eabi/4.8.4/../../../../arm-none-eabi/lib/armv6-m\libnosys.a
END GROUP
LOAD c:/freescale/kds_3.0.0/toolchain/bin/../lib/gcc/arm-none-eabi/4.8.4/armv6-m/crtend.o
LOAD c:/freescale/kds_3.0.0/toolchain/bin/../lib/gcc/arm-none-eabi/4.8.4/armv6-m/crtn.o
                0x00000000                HEAP_SIZE = DEFINED (__heap_size__)?__heap_size__:0x0
                0x00000400                STACK_SIZE = DEFINED (__stack_size__)?__stack_size__:0x400

.interrupts     0x00000000       0xc0
                0x00000000                __VECTOR_TABLE = .
                0x00000000                . = ALIGN (0x4)
 *(.isr_vector)
 .isr_vector    0x00000000       0xc0 ./SDK/platform/devices/MKL25Z4/startup/gcc/startup_MKL25Z4.o
                0x00000000                __isr_vector
                0x000000c0                . = ALIGN (0x4)
                0x1ffff000                __VECTOR_RAM = ORIGIN (m_interrupts_ram)

.flash_config   0x00000400       0x10
                0x00000400                . = ALIGN (0x4)
 *(.FlashConfig)
 .FlashConfig   0x00000400       0x10 ./SDK/platform/devices/MKL25Z4/startup/gcc/startup_MKL25Z4.o
                0x00000410                . = ALIGN (0x4)

.text           0x00000410     0x8e7c
                0x00000410                . = ALIGN (0x4)
 *(.text)
 .text          0x00000410       0x60 c:/freescale/kds_3.0.0/toolchain/bin/../lib/gcc/arm-none-eabi/4.8.4/armv6-m/crtbegin.o
 .text          0x00000470       0x78 c:/freescale/kds_3.0.0/toolchain/bin/../lib/gcc/arm-none-eabi/4.8.4/../../../../arm-none-eabi/lib/armv6-m/crt0.o
                0x00000470                _start
                0x00000470                _mainCRTStartup
 .text          0x000004e8       0x18 ./SDK/platform/devices/MKL25Z4/startup/gcc/startup_MKL25Z4.o
                0x000004e8                Reset_Handler
                0x000004f8                HardFault_Handler
                0x000004f8                PendSV_Handler
                0x000004f8                NMI_Handler
                0x000004f8                I2C1_IRQHandler
                0x000004f8                UART1_IRQHandler
                0x000004f8                DMA2_IRQHandler
                0x000004f8                TPM0_IRQHandler
                0x000004f8                LLWU_IRQHandler
                0x000004f8                TSI0_IRQHandler
                0x000004f8                UART0_IRQHandler
                0x000004f8                ADC0_IRQHandler
                0x000004f8                Reserved39_IRQHandler
                0x000004f8                SPI1_IRQHandler
                0x000004f8                DefaultISR
                0x000004f8                PORTD_IRQHandler
                0x000004f8                TPM2_IRQHandler
                0x000004f8                RTC_IRQHandler
                0x000004f8                I2C0_IRQHandler
                0x000004f8                RTC_Seconds_IRQHandler
                0x000004f8                MCG_IRQHandler
                0x000004f8                UART2_IRQHandler
                0x000004f8                Reserved20_IRQHandler
                0x000004f8                USB0_IRQHandler
                0x000004f8                PIT_IRQHandler
                0x000004f8                SVC_Handler
                0x000004f8                DMA3_IRQHandler
                0x000004f8                DMA0_IRQHandler
                0x000004f8                DAC0_IRQHandler
                0x000004f8                Reserved45_IRQHandler
                0x000004f8                TPM1_IRQHandler
                0x000004f8                LVD_LVW_IRQHandler
                0x000004f8                SPI0_IRQHandler
                0x000004f8                PORTA_IRQHandler
                0x000004f8                FTFA_IRQHandler
                0x000004f8                LPTMR0_IRQHandler
                0x000004f8                CMP0_IRQHandler
                0x000004f8                DMA1_IRQHandler
 .text          0x00000500       0x9c c:/freescale/kds_3.0.0/toolchain/bin/../lib/gcc/arm-none-eabi/4.8.4/armv6-m\libgcc.a(_udivsi3.o)
                0x00000500                __aeabi_uidiv
                0x00000500                __udivsi3
                0x00000588                __aeabi_uidivmod
 .text          0x0000059c       0xc0 c:/freescale/kds_3.0.0/toolchain/bin/../lib/gcc/arm-none-eabi/4.8.4/armv6-m\libgcc.a(_divsi3.o)
                0x0000059c                __divsi3
                0x0000059c                __aeabi_idiv
                0x00000648                __aeabi_idivmod
 .text          0x0000065c        0x4 c:/freescale/kds_3.0.0/toolchain/bin/../lib/gcc/arm-none-eabi/4.8.4/armv6-m\libgcc.a(_dvmd_tls.o)
                0x0000065c                __aeabi_idiv0
                0x0000065c                __aeabi_ldiv0
 .text          0x00000660       0x7c c:/freescale/kds_3.0.0/toolchain/bin/../lib/gcc/arm-none-eabi/4.8.4/armv6-m\libgcc.a(_arm_cmpdf2.o)
                0x00000660                __aeabi_cdrcmple
                0x00000670                __aeabi_cdcmple
                0x00000670                __aeabi_cdcmpeq
                0x00000680                __aeabi_dcmpeq
                0x0000068c                __aeabi_dcmplt
                0x000006a0                __aeabi_dcmple
                0x000006b4                __aeabi_dcmpgt
                0x000006c8                __aeabi_dcmpge
 .text          0x000006dc       0x74 c:/freescale/kds_3.0.0/toolchain/bin/../lib/gcc/arm-none-eabi/4.8.4/armv6-m\libgcc.a(_arm_cmpsf2.o)
                0x000006dc                __aeabi_cfrcmple
                0x000006e4                __aeabi_cfcmpeq
                0x000006e4                __aeabi_cfcmple
                0x000006f4                __aeabi_fcmpeq
                0x00000700                __aeabi_fcmplt
                0x00000714                __aeabi_fcmple
                0x00000728                __aeabi_fcmpgt
                0x0000073c                __aeabi_fcmpge
 .text          0x00000750       0x40 c:/freescale/kds_3.0.0/toolchain/bin/../lib/gcc/arm-none-eabi/4.8.4/armv6-m\libgcc.a(_aeabi_uldivmod.o)
                0x00000750                __aeabi_uldivmod
 .text          0x00000790       0x44 c:/freescale/kds_3.0.0/toolchain/bin/../lib/gcc/arm-none-eabi/4.8.4/armv6-m\libgcc.a(_muldi3.o)
                0x00000790                __muldi3
                0x00000790                __aeabi_lmul
 *fill*         0x000007d4        0x4 
 .text          0x000007d8       0x48 c:/freescale/kds_3.0.0/toolchain/bin/../lib/gcc/arm-none-eabi/4.8.4/armv6-m\libgcc.a(_fixunsdfdi.o)
                0x000007d8                __fixunsdfdi
                0x000007d8                __aeabi_d2ulz
 .text          0x00000820       0x30 c:/freescale/kds_3.0.0/toolchain/bin/../lib/gcc/arm-none-eabi/4.8.4/armv6-m\libgcc.a(_floatundidf.o)
                0x00000820                __floatundidf
                0x00000820                __aeabi_ul2d
 .text          0x00000850       0x6c c:/freescale/kds_3.0.0/toolchain/bin/../lib/gcc/arm-none-eabi/4.8.4/armv6-m\libgcc.a(bpabi.o)
                0x00000850                __gnu_ldivmod_helper
                0x00000888                __gnu_uldivmod_helper
 .text          0x000008bc      0x2d8 c:/freescale/kds_3.0.0/toolchain/bin/../lib/gcc/arm-none-eabi/4.8.4/armv6-m\libgcc.a(addsf3.o)
                0x000008bc                __aeabi_fadd
 .text          0x00000b94      0x24c c:/freescale/kds_3.0.0/toolchain/bin/../lib/gcc/arm-none-eabi/4.8.4/armv6-m\libgcc.a(divsf3.o)
                0x00000b94                __aeabi_fdiv
 .text          0x00000de0       0x54 c:/freescale/kds_3.0.0/toolchain/bin/../lib/gcc/arm-none-eabi/4.8.4/armv6-m\libgcc.a(eqsf2.o)
                0x00000de0                __eqsf2
                0x00000de0                __nesf2
 .text          0x00000e34       0x90 c:/freescale/kds_3.0.0/toolchain/bin/../lib/gcc/arm-none-eabi/4.8.4/armv6-m\libgcc.a(gesf2.o)
                0x00000e34                __gesf2
                0x00000e34                __gtsf2
 .text          0x00000ec4       0x98 c:/freescale/kds_3.0.0/toolchain/bin/../lib/gcc/arm-none-eabi/4.8.4/armv6-m\libgcc.a(lesf2.o)
                0x00000ec4                __ltsf2
                0x00000ec4                __lesf2
 .text          0x00000f5c      0x254 c:/freescale/kds_3.0.0/toolchain/bin/../lib/gcc/arm-none-eabi/4.8.4/armv6-m\libgcc.a(mulsf3.o)
                0x00000f5c                __aeabi_fmul
 .text          0x000011b0      0x2ec c:/freescale/kds_3.0.0/toolchain/bin/../lib/gcc/arm-none-eabi/4.8.4/armv6-m\libgcc.a(subsf3.o)
                0x000011b0                __aeabi_fsub
 .text          0x0000149c       0xa0 c:/freescale/kds_3.0.0/toolchain/bin/../lib/gcc/arm-none-eabi/4.8.4/armv6-m\libgcc.a(floatunsisf.o)
                0x0000149c                __aeabi_ui2f
 .text          0x0000153c      0x644 c:/freescale/kds_3.0.0/toolchain/bin/../lib/gcc/arm-none-eabi/4.8.4/armv6-m\libgcc.a(adddf3.o)
                0x0000153c                __aeabi_dadd
 .text          0x00001b80      0x648 c:/freescale/kds_3.0.0/toolchain/bin/../lib/gcc/arm-none-eabi/4.8.4/armv6-m\libgcc.a(divdf3.o)
                0x00001b80                __aeabi_ddiv
 .text          0x000021c8       0x94 c:/freescale/kds_3.0.0/toolchain/bin/../lib/gcc/arm-none-eabi/4.8.4/armv6-m\libgcc.a(eqdf2.o)
                0x000021c8                __nedf2
                0x000021c8                __eqdf2
 .text          0x0000225c       0xfc c:/freescale/kds_3.0.0/toolchain/bin/../lib/gcc/arm-none-eabi/4.8.4/armv6-m\libgcc.a(gedf2.o)
                0x0000225c                __gedf2
                0x0000225c                __gtdf2
 .text          0x00002358       0xfc c:/freescale/kds_3.0.0/toolchain/bin/../lib/gcc/arm-none-eabi/4.8.4/armv6-m\libgcc.a(ledf2.o)
                0x00002358                __ledf2
                0x00002358                __ltdf2
 .text          0x00002454      0x520 c:/freescale/kds_3.0.0/toolchain/bin/../lib/gcc/arm-none-eabi/4.8.4/armv6-m\libgcc.a(muldf3.o)
                0x00002454                __aeabi_dmul
 .text          0x00002974      0x668 c:/freescale/kds_3.0.0/toolchain/bin/../lib/gcc/arm-none-eabi/4.8.4/armv6-m\libgcc.a(subdf3.o)
                0x00002974                __aeabi_dsub
 .text          0x00002fdc       0x68 c:/freescale/kds_3.0.0/toolchain/bin/../lib/gcc/arm-none-eabi/4.8.4/armv6-m\libgcc.a(fixdfsi.o)
                0x00002fdc                __aeabi_d2iz
 .text          0x00003044       0x7c c:/freescale/kds_3.0.0/toolchain/bin/../lib/gcc/arm-none-eabi/4.8.4/armv6-m\libgcc.a(floatsidf.o)
                0x00003044                __aeabi_i2d
 .text          0x000030c0       0x68 c:/freescale/kds_3.0.0/toolchain/bin/../lib/gcc/arm-none-eabi/4.8.4/armv6-m\libgcc.a(floatunsidf.o)
                0x000030c0                __aeabi_ui2d
 .text          0x00003128       0xa4 c:/freescale/kds_3.0.0/toolchain/bin/../lib/gcc/arm-none-eabi/4.8.4/armv6-m\libgcc.a(extendsfdf2.o)
                0x00003128                __aeabi_f2d
 .text          0x000031cc       0x3c c:/freescale/kds_3.0.0/toolchain/bin/../lib/gcc/arm-none-eabi/4.8.4/armv6-m\libgcc.a(_clzsi2.o)
                0x000031cc                __clzsi2
 .text          0x00003208       0x40 c:/freescale/kds_3.0.0/toolchain/bin/../lib/gcc/arm-none-eabi/4.8.4/armv6-m\libgcc.a(_fixunsdfsi.o)
                0x00003208                __aeabi_d2uiz
                0x00003208                __fixunsdfsi
 .text          0x00003248      0x3b8 c:/freescale/kds_3.0.0/toolchain/bin/../lib/gcc/arm-none-eabi/4.8.4/armv6-m\libgcc.a(_divdi3.o)
                0x00003248                __divdi3
 .text          0x00003600      0x384 c:/freescale/kds_3.0.0/toolchain/bin/../lib/gcc/arm-none-eabi/4.8.4/armv6-m\libgcc.a(_udivdi3.o)
                0x00003600                __udivdi3
 .text          0x00003984       0x14 c:/freescale/kds_3.0.0/toolchain/bin/../lib/gcc/arm-none-eabi/4.8.4/armv6-m\libgcc.a(_thumb1_case_uqi.o)
                0x00003984                __gnu_thumb1_case_uqi
 *(.text*)
 .text.PEX_components_init
                0x00003998        0xc ./Static_Code/System/PE_low_level_init.o
                0x00003998                PEX_components_init
 .text.PE_low_level_init
                0x000039a4       0x14 ./Static_Code/System/PE_low_level_init.o
                0x000039a4                PE_low_level_init
 .text.rand01   0x000039b8       0x44 ./Sources/main.o
 .text.clampf   0x000039fc       0x3c ./Sources/main.o
 .text.gps_init
                0x00003a38       0x30 ./Sources/main.o
 .text.gps_next
                0x00003a68      0x110 ./Sources/main.o
 .text.main     0x00003b78       0x8c ./Sources/main.o
                0x00003b78                main
 .text.UART_HAL_EnableTransmitter
                0x00003c04       0x1c ./SDK/platform/utilities/src/fsl_debug_console.o
 .text.UART_HAL_EnableReceiver
                0x00003c20       0x1c ./SDK/platform/utilities/src/fsl_debug_console.o
 .text.UART_HAL_SetBitCountPerChar
                0x00003c3c       0x28 ./SDK/platform/utilities/src/fsl_debug_console.o
 .text.UART_HAL_SetStopBitCount
                0x00003c64       0x28 ./SDK/platform/utilities/src/fsl_debug_console.o
 .text.LPSCI_HAL_EnableTransmitter
                0x00003c8c       0x1c ./SDK/platform/utilities/src/fsl_debug_console.o
 .text.LPSCI_HAL_EnableReceiver
                0x00003ca8       0x1c ./SDK/platform/utilities/src/fsl_debug_console.o
 .text.LPSCI_HAL_SetBitCountPerChar
                0x00003cc4       0x28 ./SDK/platform/utilities/src/fsl_debug_console.o
 .text.LPSCI_HAL_SetStopBitCount
                0x00003cec       0x28 ./SDK/platform/utilities/src/fsl_debug_console.o
 .text.DbgConsole_Init
                0x00003d14      0x160 ./SDK/platform/utilities/src/fsl_debug_console.o
                0x00003d14                DbgConsole_Init
 .text._write   0x00003e74       0x5c ./SDK/platform/utilities/src/fsl_debug_console.o
                0x00003e74                _write
 .text._read    0x00003ed0       0x48 ./SDK/platform/utilities/src/fsl_debug_console.o
                0x00003ed0                _read
 .text.debug_printf
                0x00003f18       0x4c ./SDK/platform/utilities/src/fsl_debug_console.o
                0x00003f18                debug_printf
 .text.debug_putc
                0x00003f64       0x44 ./SDK/platform/utilities/src/fsl_debug_console.o
 .text._doprint
                0x00003fa8      0x8f0 ./SDK/platform/utilities/src/print_scan.o
                0x00003fa8                _doprint
 .text.mknumstr
                0x00004898      0x110 ./SDK/platform/utilities/src/print_scan.o
 .text.mkfloatnumstr
                0x000049a8      0x1d8 ./SDK/platform/utilities/src/print_scan.o
 .text.fput_pad
                0x00004b80       0x44 ./SDK/platform/utilities/src/print_scan.o
 .text.SIM_HAL_EnableClock
                0x00004bc4       0x58 ./SDK/platform/system/src/clock/MKL25Z4/fsl_clock_MKL25Z4.o
 .text.CLOCK_HAL_GetLpsciSrc
                0x00004c1c       0x28 ./SDK/platform/system/src/clock/MKL25Z4/fsl_clock_MKL25Z4.o
 .text.CLOCK_HAL_GetExternalRefClock32kSrc
                0x00004c44       0x20 ./SDK/platform/system/src/clock/MKL25Z4/fsl_clock_MKL25Z4.o
 .text.CLOCK_HAL_GetPllfllSel
                0x00004c64       0x24 ./SDK/platform/system/src/clock/MKL25Z4/fsl_clock_MKL25Z4.o
 .text.CLOCK_HAL_GetRtcClkOutSel
                0x00004c88       0x24 ./SDK/platform/system/src/clock/MKL25Z4/fsl_clock_MKL25Z4.o
 .text.CLOCK_HAL_GetOutDiv1
                0x00004cac       0x28 ./SDK/platform/system/src/clock/MKL25Z4/fsl_clock_MKL25Z4.o
 .text.CLOCK_HAL_GetOutDiv4
                0x00004cd4       0x28 ./SDK/platform/system/src/clock/MKL25Z4/fsl_clock_MKL25Z4.o
 .text.CLOCK_SYS_GetLpoClockFreq
                0x00004cfc       0x10 ./SDK/platform/system/src/clock/MKL25Z4/fsl_clock_MKL25Z4.o
 .text.OSC_HAL_GetExternalRefClkCmd
                0x00004d0c       0x24 ./SDK/platform/system/src/clock/MKL25Z4/fsl_clock_MKL25Z4.o
 .text.CLOCK_SYS_GetFixedFreqClockFreq
                0x00004d30       0x18 ./SDK/platform/system/src/clock/MKL25Z4/fsl_clock_MKL25Z4.o
 .text.CLOCK_SYS_GetRtcOutSrc
                0x00004d48       0x18 ./SDK/platform/system/src/clock/MKL25Z4/fsl_clock_MKL25Z4.o
 .text.CLOCK_SYS_GetFreq
                0x00004d60       0xfc ./SDK/platform/system/src/clock/MKL25Z4/fsl_clock_MKL25Z4.o
                0x00004d60                CLOCK_SYS_GetFreq
 .text.CLOCK_SYS_GetCoreClockFreq
                0x00004e5c       0x34 ./SDK/platform/system/src/clock/MKL25Z4/fsl_clock_MKL25Z4.o
                0x00004e5c                CLOCK_SYS_GetCoreClockFreq
 .text.CLOCK_SYS_GetSystemClockFreq
                0x00004e90       0x34 ./SDK/platform/system/src/clock/MKL25Z4/fsl_clock_MKL25Z4.o
                0x00004e90                CLOCK_SYS_GetSystemClockFreq
 .text.CLOCK_SYS_GetBusClockFreq
                0x00004ec4       0x2c ./SDK/platform/system/src/clock/MKL25Z4/fsl_clock_MKL25Z4.o
                0x00004ec4                CLOCK_SYS_GetBusClockFreq
 .text.CLOCK_SYS_GetFlashClockFreq
                0x00004ef0       0x2c ./SDK/platform/system/src/clock/MKL25Z4/fsl_clock_MKL25Z4.o
                0x00004ef0                CLOCK_SYS_GetFlashClockFreq
 .text.CLOCK_SYS_GetPllFllClockFreq
                0x00004f1c       0x5c ./SDK/platform/system/src/clock/MKL25Z4/fsl_clock_MKL25Z4.o
                0x00004f1c                CLOCK_SYS_GetPllFllClockFreq
 .text.CLOCK_SYS_GetRtcOutFreq
                0x00004f78       0x24 ./SDK/platform/system/src/clock/MKL25Z4/fsl_clock_MKL25Z4.o
                0x00004f78                CLOCK_SYS_GetRtcOutFreq
 .text.CLOCK_SYS_GetExternalRefClock32kFreq
                0x00004f9c       0x6c ./SDK/platform/system/src/clock/MKL25Z4/fsl_clock_MKL25Z4.o
                0x00004f9c                CLOCK_SYS_GetExternalRefClock32kFreq
 .text.CLOCK_SYS_GetOsc0ExternalRefClockFreq
                0x00005008       0x2c ./SDK/platform/system/src/clock/MKL25Z4/fsl_clock_MKL25Z4.o
                0x00005008                CLOCK_SYS_GetOsc0ExternalRefClockFreq
 .text.CLOCK_SYS_GetLpsciFreq
                0x00005034       0x68 ./SDK/platform/system/src/clock/MKL25Z4/fsl_clock_MKL25Z4.o
                0x00005034                CLOCK_SYS_GetLpsciFreq
 .text.CLOCK_SYS_GetUartFreq
                0x0000509c       0x2c ./SDK/platform/system/src/clock/MKL25Z4/fsl_clock_MKL25Z4.o
                0x0000509c                CLOCK_SYS_GetUartFreq
 .text.CLOCK_SYS_EnableLpsciClock
                0x000050c8       0x40 ./SDK/platform/system/src/clock/MKL25Z4/fsl_clock_MKL25Z4.o
                0x000050c8                CLOCK_SYS_EnableLpsciClock
 .text.CLOCK_SYS_EnableUartClock
                0x00005108       0x4c ./SDK/platform/system/src/clock/MKL25Z4/fsl_clock_MKL25Z4.o
                0x00005108                CLOCK_SYS_EnableUartClock
 .text.CLOCK_SYS_GetSystickFreq
                0x00005154       0x28 ./SDK/platform/system/src/clock/fsl_clock_manager.o
                0x00005154                CLOCK_SYS_GetSystickFreq
 .text.task_init
                0x0000517c       0x60 ./SDK/platform/osa/src/fsl_os_abstraction_bm.o
                0x0000517c                task_init
 .text.OSA_TimeDelay
                0x000051dc       0x34 ./SDK/platform/osa/src/fsl_os_abstraction_bm.o
                0x000051dc                OSA_TimeDelay
 .text.OSA_Init
                0x00005210       0x14 ./SDK/platform/osa/src/fsl_os_abstraction_bm.o
                0x00005210                OSA_Init
 .text.UART_HAL_SetBaudRate
                0x00005224       0x6c ./SDK/platform/hal/src/uart/fsl_uart_hal.o
                0x00005224                UART_HAL_SetBaudRate
 .text.UART_HAL_SetParityMode
                0x00005290       0x40 ./SDK/platform/hal/src/uart/fsl_uart_hal.o
                0x00005290                UART_HAL_SetParityMode
 .text.UART_HAL_Putchar
                0x000052d0       0x34 ./SDK/platform/hal/src/uart/fsl_uart_hal.o
                0x000052d0                UART_HAL_Putchar
 .text.UART_HAL_Getchar
                0x00005304       0x34 ./SDK/platform/hal/src/uart/fsl_uart_hal.o
                0x00005304                UART_HAL_Getchar
 .text.UART_HAL_SendDataPolling
                0x00005338       0x44 ./SDK/platform/hal/src/uart/fsl_uart_hal.o
                0x00005338                UART_HAL_SendDataPolling
 .text.UART_HAL_ReceiveDataPolling
                0x0000537c       0xa4 ./SDK/platform/hal/src/uart/fsl_uart_hal.o
                0x0000537c                UART_HAL_ReceiveDataPolling
 .text.CLOCK_HAL_GetClkOutStat
                0x00005420       0x20 ./SDK/platform/hal/src/mcg/fsl_mcg_hal.o
 .text.CLOCK_HAL_IsPllSelected
                0x00005440       0x24 ./SDK/platform/hal/src/mcg/fsl_mcg_hal.o
 .text.CLOCK_HAL_GetMcgExternalClkFreq
                0x00005464       0x18 ./SDK/platform/hal/src/mcg/fsl_mcg_hal.o
 .text.CLOCK_HAL_TestFllExternalRefFreq
                0x0000547c       0x7c ./SDK/platform/hal/src/mcg/fsl_mcg_hal.o
                0x0000547c                CLOCK_HAL_TestFllExternalRefFreq
 .text.CLOCK_HAL_GetFllRefClk
                0x000054f8       0x8c ./SDK/platform/hal/src/mcg/fsl_mcg_hal.o
                0x000054f8                CLOCK_HAL_GetFllRefClk
 .text.CLOCK_HAL_TestFllFreq
                0x00005584       0x6c ./SDK/platform/hal/src/mcg/fsl_mcg_hal.o
                0x00005584                CLOCK_HAL_TestFllFreq
 .text.CLOCK_HAL_GetFllClk
                0x000055f0       0x7c ./SDK/platform/hal/src/mcg/fsl_mcg_hal.o
                0x000055f0                CLOCK_HAL_GetFllClk
 .text.CLOCK_HAL_GetPll0RefFreq
                0x0000566c       0x1c ./SDK/platform/hal/src/mcg/fsl_mcg_hal.o
                0x0000566c                CLOCK_HAL_GetPll0RefFreq
 .text.CLOCK_HAL_GetPll0Clk
                0x00005688       0x90 ./SDK/platform/hal/src/mcg/fsl_mcg_hal.o
                0x00005688                CLOCK_HAL_GetPll0Clk
 .text.CLOCK_HAL_GetInternalRefClk
                0x00005718       0x64 ./SDK/platform/hal/src/mcg/fsl_mcg_hal.o
                0x00005718                CLOCK_HAL_GetInternalRefClk
 .text.CLOCK_HAL_GetFixedFreqClk
                0x0000577c       0x3c ./SDK/platform/hal/src/mcg/fsl_mcg_hal.o
                0x0000577c                CLOCK_HAL_GetFixedFreqClk
 .text.CLOCK_HAL_GetOutClk
                0x000057b8       0x7c ./SDK/platform/hal/src/mcg/fsl_mcg_hal.o
                0x000057b8                CLOCK_HAL_GetOutClk
 .text.LPSCI_HAL_Putchar
                0x00005834       0x1c ./SDK/platform/hal/src/lpsci/fsl_lpsci_hal.o
 .text.LPSCI_HAL_Getchar
                0x00005850       0x1c ./SDK/platform/hal/src/lpsci/fsl_lpsci_hal.o
 .text.LPSCI_HAL_SetBaudRate
                0x0000586c      0x14c ./SDK/platform/hal/src/lpsci/fsl_lpsci_hal.o
                0x0000586c                LPSCI_HAL_SetBaudRate
 .text.LPSCI_HAL_SetParityMode
                0x000059b8       0x40 ./SDK/platform/hal/src/lpsci/fsl_lpsci_hal.o
                0x000059b8                LPSCI_HAL_SetParityMode
 .text.LPSCI_HAL_SendDataPolling
                0x000059f8       0x44 ./SDK/platform/hal/src/lpsci/fsl_lpsci_hal.o
                0x000059f8                LPSCI_HAL_SendDataPolling
 .text.LPSCI_HAL_ReceiveDataPolling
                0x00005a3c       0x88 ./SDK/platform/hal/src/lpsci/fsl_lpsci_hal.o
                0x00005a3c                LPSCI_HAL_ReceiveDataPolling
 .text.SystemInit
                0x00005ac4      0x178 ./SDK/platform/devices/MKL25Z4/startup/system_MKL25Z4.o
                0x00005ac4                SystemInit
 .text.init_data_bss
                0x00005c3c       0xc8 ./SDK/platform/devices/startup.o
                0x00005c3c                init_data_bss
 .text.CLOCK_HAL_SetLpsciSrc
                0x00005d04       0x30 ./Generated_Code/Cpu.o
 .text.CLOCK_SYS_SetLpsciSrc
                0x00005d34       0x2c ./Generated_Code/Cpu.o
 .text.Components_Init
                0x00005d60       0x20 ./Generated_Code/Cpu.o
                0x00005d60                Components_Init
 .text.SIM_HAL_EnableClock
                0x00005d80       0x58 ./Generated_Code/hardware_init.o
 .text.hardware_init
                0x00005dd8       0x3c ./Generated_Code/hardware_init.o
                0x00005dd8                hardware_init
 .text.NVIC_SetPriority
                0x00005e14       0xe0 ./Generated_Code/osa1.o
 .text.SysTick_Handler
                0x00005ef4       0x1c ./Generated_Code/osa1.o
                0x00005ef4                SysTick_Handler
 .text.OSA_TimeInit
                0x00005f10       0xc0 ./Generated_Code/osa1.o
                0x00005f10                OSA_TimeInit
 .text.OSA_TimeDiff
                0x00005fd0       0x30 ./Generated_Code/osa1.o
                0x00005fd0                OSA_TimeDiff
 .text.OSA_TimeGetMsec
                0x00006000       0x14 ./Generated_Code/osa1.o
                0x00006000                OSA_TimeGetMsec
 .text.PORT_HAL_SetMuxMode
                0x00006014       0x4c ./Generated_Code/pin_init.o
 .text.SIM_HAL_SetLpsciRxSrcMode
                0x00006060       0x2c ./Generated_Code/pin_init.o
 .text.init_osc_pins
                0x0000608c       0x2c ./Generated_Code/pin_init.o
                0x0000608c                init_osc_pins
 .text.init_rcm_pins
                0x000060b8       0x20 ./Generated_Code/pin_init.o
                0x000060b8                init_rcm_pins
 .text.init_swd_pins
                0x000060d8       0x2c ./Generated_Code/pin_init.o
                0x000060d8                init_swd_pins
 .text.init_uart0_pins
                0x00006104       0x3c ./Generated_Code/pin_init.o
                0x00006104                init_uart0_pins
 .text.modf     0x00006140       0x7c c:/freescale/kds_3.0.0/toolchain/bin/../lib/gcc/arm-none-eabi/4.8.4/../../../../arm-none-eabi/lib/armv6-m\libm.a(lib_a-s_modf.o)
                0x00006140                modf
 .text.__assert_func
                0x000061bc       0x3c c:/freescale/kds_3.0.0/toolchain/bin/../lib/gcc/arm-none-eabi/4.8.4/../../../../arm-none-eabi/lib/armv6-m\libg_s.a(lib_a-assert.o)
                0x000061bc                __assert_func
 .text.exit     0x000061f8       0x2c c:/freescale/kds_3.0.0/toolchain/bin/../lib/gcc/arm-none-eabi/4.8.4/../../../../arm-none-eabi/lib/armv6-m\libg_s.a(lib_a-exit.o)
                0x000061f8                exit
 .text.fprintf  0x00006224       0x24 c:/freescale/kds_3.0.0/toolchain/bin/../lib/gcc/arm-none-eabi/4.8.4/../../../../arm-none-eabi/lib/armv6-m\libg_s.a(lib_a-fprintf.o)
                0x00006224                fiprintf
                0x00006224                fprintf
 .text.__libc_init_array
                0x00006248       0x4c c:/freescale/kds_3.0.0/toolchain/bin/../lib/gcc/arm-none-eabi/4.8.4/../../../../arm-none-eabi/lib/armv6-m\libg_s.a(lib_a-init.o)
                0x00006248                __libc_init_array
 .text.malloc   0x00006294       0x14 c:/freescale/kds_3.0.0/toolchain/bin/../lib/gcc/arm-none-eabi/4.8.4/../../../../arm-none-eabi/lib/armv6-m\libg_s.a(lib_a-malloc.o)
                0x00006294                malloc
 .text.memset   0x000062a8       0x10 c:/freescale/kds_3.0.0/toolchain/bin/../lib/gcc/arm-none-eabi/4.8.4/../../../../arm-none-eabi/lib/armv6-m\libg_s.a(lib_a-memset.o)
                0x000062a8                memset
 .text._calloc_r
                0x000062b8       0x1c c:/freescale/kds_3.0.0/toolchain/bin/../lib/gcc/arm-none-eabi/4.8.4/../../../../arm-none-eabi/lib/armv6-m\libg_s.a(lib_a-nano-callocr.o)
                0x000062b8                _calloc_r
 .text._free_r  0x000062d4       0x90 c:/freescale/kds_3.0.0/toolchain/bin/../lib/gcc/arm-none-eabi/4.8.4/../../../../arm-none-eabi/lib/armv6-m\libg_s.a(lib_a-nano-freer.o)
                0x000062d4                _free_r
 .text._malloc_r
                0x00006364       0xa8 c:/freescale/kds_3.0.0/toolchain/bin/../lib/gcc/arm-none-eabi/4.8.4/../../../../arm-none-eabi/lib/armv6-m\libg_s.a(lib_a-nano-mallocr.o)
                0x00006364                _malloc_r
 .text._sbrk_r  0x0000640c       0x24 c:/freescale/kds_3.0.0/toolchain/bin/../lib/gcc/arm-none-eabi/4.8.4/../../../../arm-none-eabi/lib/armv6-m\libg_s.a(lib_a-sbrkr.o)
                0x0000640c                _sbrk_r
 .text.strlen   0x00006430        0xe c:/freescale/kds_3.0.0/toolchain/bin/../lib/gcc/arm-none-eabi/4.8.4/../../../../arm-none-eabi/lib/armv6-m\libg_s.a(lib_a-strlen.o)
                0x00006430                strlen
 .text.__sfputc_r
                0x0000643e       0x2a c:/freescale/kds_3.0.0/toolchain/bin/../lib/gcc/arm-none-eabi/4.8.4/../../../../arm-none-eabi/lib/armv6-m\libg_s.a(lib_a-vfprintf.o)
 .text.__sfputs_r
                0x00006468       0x24 c:/freescale/kds_3.0.0/toolchain/bin/../lib/gcc/arm-none-eabi/4.8.4/../../../../arm-none-eabi/lib/armv6-m\libg_s.a(lib_a-vfprintf.o)
                0x00006468                __sfputs_r
 .text._vfprintf_r
                0x0000648c      0x210 c:/freescale/kds_3.0.0/toolchain/bin/../lib/gcc/arm-none-eabi/4.8.4/../../../../arm-none-eabi/lib/armv6-m\libg_s.a(lib_a-vfprintf.o)
                0x0000648c                _vfprintf_r
                0x0000648c                _vfiprintf_r
 *fill*         0x0000669c        0x4 
 .text.__cvt    0x000066a0       0xd0 c:/freescale/kds_3.0.0/toolchain/bin/../lib/gcc/arm-none-eabi/4.8.4/../../../../arm-none-eabi/lib/armv6-m\libg_s.a(lib_a-vfprintf_float.o)
                0x000066a0                __cvt
 .text.__exponent
                0x00006770       0x6a c:/freescale/kds_3.0.0/toolchain/bin/../lib/gcc/arm-none-eabi/4.8.4/../../../../arm-none-eabi/lib/armv6-m\libg_s.a(lib_a-vfprintf_float.o)
                0x00006770                __exponent
 *fill*         0x000067da        0x6 
 .text._printf_float
                0x000067e0      0x458 c:/freescale/kds_3.0.0/toolchain/bin/../lib/gcc/arm-none-eabi/4.8.4/../../../../arm-none-eabi/lib/armv6-m\libg_s.a(lib_a-vfprintf_float.o)
                0x000067e0                _printf_float
 .text._printf_common
                0x00006c38       0xe8 c:/freescale/kds_3.0.0/toolchain/bin/../lib/gcc/arm-none-eabi/4.8.4/../../../../arm-none-eabi/lib/armv6-m\libg_s.a(lib_a-vfprintf_i.o)
                0x00006c38                _printf_common
 .text._printf_i
                0x00006d20      0x22c c:/freescale/kds_3.0.0/toolchain/bin/../lib/gcc/arm-none-eabi/4.8.4/../../../../arm-none-eabi/lib/armv6-m\libg_s.a(lib_a-vfprintf_i.o)
                0x00006d20                _printf_i
 .text.__swbuf_r
                0x00006f4c       0xb0 c:/freescale/kds_3.0.0/toolchain/bin/../lib/gcc/arm-none-eabi/4.8.4/../../../../arm-none-eabi/lib/armv6-m\libg_s.a(lib_a-wbuf.o)
                0x00006f4c                __swbuf_r
 .text.__swsetup_r
                0x00006ffc       0xe4 c:/freescale/kds_3.0.0/toolchain/bin/../lib/gcc/arm-none-eabi/4.8.4/../../../../arm-none-eabi/lib/armv6-m\libg_s.a(lib_a-wsetup.o)
                0x00006ffc                __swsetup_r
 .text.abort    0x000070e0        0xe c:/freescale/kds_3.0.0/toolchain/bin/../lib/gcc/arm-none-eabi/4.8.4/../../../../arm-none-eabi/lib/armv6-m\libg_s.a(lib_a-abort.o)
                0x000070e0                abort
 .text.quorem   0x000070ee      0x118 c:/freescale/kds_3.0.0/toolchain/bin/../lib/gcc/arm-none-eabi/4.8.4/../../../../arm-none-eabi/lib/armv6-m\libg_s.a(lib_a-dtoa.o)
 *fill*         0x00007206        0x2 
 .text._dtoa_r  0x00007208      0xbb8 c:/freescale/kds_3.0.0/toolchain/bin/../lib/gcc/arm-none-eabi/4.8.4/../../../../arm-none-eabi/lib/armv6-m\libg_s.a(lib_a-dtoa.o)
                0x00007208                _dtoa_r
 .text.__sflush_r
                0x00007dc0      0x112 c:/freescale/kds_3.0.0/toolchain/bin/../lib/gcc/arm-none-eabi/4.8.4/../../../../arm-none-eabi/lib/armv6-m\libg_s.a(lib_a-fflush.o)
                0x00007dc0                __sflush_r
 *fill*         0x00007ed2        0x2 
 .text._fflush_r
                0x00007ed4       0x58 c:/freescale/kds_3.0.0/toolchain/bin/../lib/gcc/arm-none-eabi/4.8.4/../../../../arm-none-eabi/lib/armv6-m\libg_s.a(lib_a-fflush.o)
                0x00007ed4                _fflush_r
 .text._cleanup_r
                0x00007f2c       0x34 c:/freescale/kds_3.0.0/toolchain/bin/../lib/gcc/arm-none-eabi/4.8.4/../../../../arm-none-eabi/lib/armv6-m\libg_s.a(lib_a-findfp.o)
                0x00007f2c                _cleanup_r
 .text.std.isra.0
                0x00007f60       0x48 c:/freescale/kds_3.0.0/toolchain/bin/../lib/gcc/arm-none-eabi/4.8.4/../../../../arm-none-eabi/lib/armv6-m\libg_s.a(lib_a-findfp.o)
 .text.__sfmoreglue
                0x00007fa8       0x2c c:/freescale/kds_3.0.0/toolchain/bin/../lib/gcc/arm-none-eabi/4.8.4/../../../../arm-none-eabi/lib/armv6-m\libg_s.a(lib_a-findfp.o)
                0x00007fa8                __sfmoreglue
 .text.__sinit  0x00007fd4       0x64 c:/freescale/kds_3.0.0/toolchain/bin/../lib/gcc/arm-none-eabi/4.8.4/../../../../arm-none-eabi/lib/armv6-m\libg_s.a(lib_a-findfp.o)
                0x00007fd4                __sinit
 .text.__sfp    0x00008038       0x7c c:/freescale/kds_3.0.0/toolchain/bin/../lib/gcc/arm-none-eabi/4.8.4/../../../../arm-none-eabi/lib/armv6-m\libg_s.a(lib_a-findfp.o)
                0x00008038                __sfp
 .text._localeconv_r
                0x000080b4        0x8 c:/freescale/kds_3.0.0/toolchain/bin/../lib/gcc/arm-none-eabi/4.8.4/../../../../arm-none-eabi/lib/armv6-m\libg_s.a(lib_a-locale.o)
                0x000080b4                _localeconv_r
 .text.__smakebuf_r
                0x000080bc       0xa0 c:/freescale/kds_3.0.0/toolchain/bin/../lib/gcc/arm-none-eabi/4.8.4/../../../../arm-none-eabi/lib/armv6-m\libg_s.a(lib_a-makebuf.o)
                0x000080bc                __smakebuf_r
 .text.memchr   0x0000815c       0x16 c:/freescale/kds_3.0.0/toolchain/bin/../lib/gcc/arm-none-eabi/4.8.4/../../../../arm-none-eabi/lib/armv6-m\libg_s.a(lib_a-memchr-stub.o)
                0x0000815c                memchr
 .text.memcpy   0x00008172       0x12 c:/freescale/kds_3.0.0/toolchain/bin/../lib/gcc/arm-none-eabi/4.8.4/../../../../arm-none-eabi/lib/armv6-m\libg_s.a(lib_a-memcpy-stub.o)
                0x00008172                memcpy
 .text._Balloc  0x00008184       0x70 c:/freescale/kds_3.0.0/toolchain/bin/../lib/gcc/arm-none-eabi/4.8.4/../../../../arm-none-eabi/lib/armv6-m\libg_s.a(lib_a-mprec.o)
                0x00008184                _Balloc
 .text._Bfree   0x000081f4       0x32 c:/freescale/kds_3.0.0/toolchain/bin/../lib/gcc/arm-none-eabi/4.8.4/../../../../arm-none-eabi/lib/armv6-m\libg_s.a(lib_a-mprec.o)
                0x000081f4                _Bfree
 .text.__multadd
                0x00008226       0x7c c:/freescale/kds_3.0.0/toolchain/bin/../lib/gcc/arm-none-eabi/4.8.4/../../../../arm-none-eabi/lib/armv6-m\libg_s.a(lib_a-mprec.o)
                0x00008226                __multadd
 .text.__hi0bits
                0x000082a2       0x38 c:/freescale/kds_3.0.0/toolchain/bin/../lib/gcc/arm-none-eabi/4.8.4/../../../../arm-none-eabi/lib/armv6-m\libg_s.a(lib_a-mprec.o)
                0x000082a2                __hi0bits
 .text.__lo0bits
                0x000082da       0x5a c:/freescale/kds_3.0.0/toolchain/bin/../lib/gcc/arm-none-eabi/4.8.4/../../../../arm-none-eabi/lib/armv6-m\libg_s.a(lib_a-mprec.o)
                0x000082da                __lo0bits
 .text.__i2b    0x00008334       0x12 c:/freescale/kds_3.0.0/toolchain/bin/../lib/gcc/arm-none-eabi/4.8.4/../../../../arm-none-eabi/lib/armv6-m\libg_s.a(lib_a-mprec.o)
                0x00008334                __i2b
 .text.__multiply
                0x00008346      0x11e c:/freescale/kds_3.0.0/toolchain/bin/../lib/gcc/arm-none-eabi/4.8.4/../../../../arm-none-eabi/lib/armv6-m\libg_s.a(lib_a-mprec.o)
                0x00008346                __multiply
 .text.__pow5mult
                0x00008464       0xa4 c:/freescale/kds_3.0.0/toolchain/bin/../lib/gcc/arm-none-eabi/4.8.4/../../../../arm-none-eabi/lib/armv6-m\libg_s.a(lib_a-mprec.o)
                0x00008464                __pow5mult
 .text.__lshift
                0x00008508       0xa4 c:/freescale/kds_3.0.0/toolchain/bin/../lib/gcc/arm-none-eabi/4.8.4/../../../../arm-none-eabi/lib/armv6-m\libg_s.a(lib_a-mprec.o)
                0x00008508                __lshift
 .text.__mcmp   0x000085ac       0x36 c:/freescale/kds_3.0.0/toolchain/bin/../lib/gcc/arm-none-eabi/4.8.4/../../../../arm-none-eabi/lib/armv6-m\libg_s.a(lib_a-mprec.o)
                0x000085ac                __mcmp
 .text.__mdiff  0x000085e2       0xcc c:/freescale/kds_3.0.0/toolchain/bin/../lib/gcc/arm-none-eabi/4.8.4/../../../../arm-none-eabi/lib/armv6-m\libg_s.a(lib_a-mprec.o)
                0x000085e2                __mdiff
 *fill*         0x000086ae        0x2 
 .text.__d2b    0x000086b0       0xb0 c:/freescale/kds_3.0.0/toolchain/bin/../lib/gcc/arm-none-eabi/4.8.4/../../../../arm-none-eabi/lib/armv6-m\libg_s.a(lib_a-mprec.o)
                0x000086b0                __d2b
 .text.__fpclassifyd
                0x00008760       0x54 c:/freescale/kds_3.0.0/toolchain/bin/../lib/gcc/arm-none-eabi/4.8.4/../../../../arm-none-eabi/lib/armv6-m\libg_s.a(lib_a-s_fpclassify.o)
                0x00008760                __fpclassifyd
 .text._raise_r
                0x000087b4       0x56 c:/freescale/kds_3.0.0/toolchain/bin/../lib/gcc/arm-none-eabi/4.8.4/../../../../arm-none-eabi/lib/armv6-m\libg_s.a(lib_a-signal.o)
                0x000087b4                _raise_r
 *fill*         0x0000880a        0x2 
 .text.raise    0x0000880c       0x14 c:/freescale/kds_3.0.0/toolchain/bin/../lib/gcc/arm-none-eabi/4.8.4/../../../../arm-none-eabi/lib/armv6-m\libg_s.a(lib_a-signal.o)
                0x0000880c                raise
 .text._kill_r  0x00008820       0x24 c:/freescale/kds_3.0.0/toolchain/bin/../lib/gcc/arm-none-eabi/4.8.4/../../../../arm-none-eabi/lib/armv6-m\libg_s.a(lib_a-signalr.o)
                0x00008820                _kill_r
 .text._getpid_r
                0x00008844        0x8 c:/freescale/kds_3.0.0/toolchain/bin/../lib/gcc/arm-none-eabi/4.8.4/../../../../arm-none-eabi/lib/armv6-m\libg_s.a(lib_a-signalr.o)
                0x00008844                _getpid_r
 .text.__sread  0x0000884c       0x28 c:/freescale/kds_3.0.0/toolchain/bin/../lib/gcc/arm-none-eabi/4.8.4/../../../../arm-none-eabi/lib/armv6-m\libg_s.a(lib_a-stdio.o)
                0x0000884c                __sread
 .text.__swrite
                0x00008874       0x38 c:/freescale/kds_3.0.0/toolchain/bin/../lib/gcc/arm-none-eabi/4.8.4/../../../../arm-none-eabi/lib/armv6-m\libg_s.a(lib_a-stdio.o)
                0x00008874                __swrite
 .text.__sseek  0x000088ac       0x2c c:/freescale/kds_3.0.0/toolchain/bin/../lib/gcc/arm-none-eabi/4.8.4/../../../../arm-none-eabi/lib/armv6-m\libg_s.a(lib_a-stdio.o)
                0x000088ac                __sseek
 .text.__sclose
                0x000088d8        0xc c:/freescale/kds_3.0.0/toolchain/bin/../lib/gcc/arm-none-eabi/4.8.4/../../../../arm-none-eabi/lib/armv6-m\libg_s.a(lib_a-stdio.o)
                0x000088d8                __sclose
 .text._write_r
                0x000088e4       0x28 c:/freescale/kds_3.0.0/toolchain/bin/../lib/gcc/arm-none-eabi/4.8.4/../../../../arm-none-eabi/lib/armv6-m\libg_s.a(lib_a-writer.o)
                0x000088e4                _write_r
 .text._close_r
                0x0000890c       0x24 c:/freescale/kds_3.0.0/toolchain/bin/../lib/gcc/arm-none-eabi/4.8.4/../../../../arm-none-eabi/lib/armv6-m\libg_s.a(lib_a-closer.o)
                0x0000890c                _close_r
 .text._fstat_r
                0x00008930       0x24 c:/freescale/kds_3.0.0/toolchain/bin/../lib/gcc/arm-none-eabi/4.8.4/../../../../arm-none-eabi/lib/armv6-m\libg_s.a(lib_a-fstatr.o)
                0x00008930                _fstat_r
 .text._isatty_r
                0x00008954       0x24 c:/freescale/kds_3.0.0/toolchain/bin/../lib/gcc/arm-none-eabi/4.8.4/../../../../arm-none-eabi/lib/armv6-m\libg_s.a(lib_a-isattyr.o)
                0x00008954                _isatty_r
 .text._lseek_r
                0x00008978       0x28 c:/freescale/kds_3.0.0/toolchain/bin/../lib/gcc/arm-none-eabi/4.8.4/../../../../arm-none-eabi/lib/armv6-m\libg_s.a(lib_a-lseekr.o)
                0x00008978                _lseek_r
 .text._read_r  0x000089a0       0x28 c:/freescale/kds_3.0.0/toolchain/bin/../lib/gcc/arm-none-eabi/4.8.4/../../../../arm-none-eabi/lib/armv6-m\libg_s.a(lib_a-readr.o)
                0x000089a0                _read_r
 .text._close   0x000089c8       0x10 c:/freescale/kds_3.0.0/toolchain/bin/../lib/gcc/arm-none-eabi/4.8.4/../../../../arm-none-eabi/lib/armv6-m\libnosys.a(close.o)
                0x000089c8                _close
 .text._fstat   0x000089d8       0x10 c:/freescale/kds_3.0.0/toolchain/bin/../lib/gcc/arm-none-eabi/4.8.4/../../../../arm-none-eabi/lib/armv6-m\libnosys.a(fstat.o)
                0x000089d8                _fstat
 .text._getpid  0x000089e8       0x10 c:/freescale/kds_3.0.0/toolchain/bin/../lib/gcc/arm-none-eabi/4.8.4/../../../../arm-none-eabi/lib/armv6-m\libnosys.a(getpid.o)
                0x000089e8                _getpid
 .text._isatty  0x000089f8       0x10 c:/freescale/kds_3.0.0/toolchain/bin/../lib/gcc/arm-none-eabi/4.8.4/../../../../arm-none-eabi/lib/armv6-m\libnosys.a(isatty.o)
                0x000089f8                _isatty
 .text._kill    0x00008a08       0x10 c:/freescale/kds_3.0.0/toolchain/bin/../lib/gcc/arm-none-eabi/4.8.4/../../../../arm-none-eabi/lib/armv6-m\libnosys.a(kill.o)
                0x00008a08                _kill
 .text._lseek   0x00008a18       0x10 c:/freescale/kds_3.0.0/toolchain/bin/../lib/gcc/arm-none-eabi/4.8.4/../../../../arm-none-eabi/lib/armv6-m\libnosys.a(lseek.o)
                0x00008a18                _lseek
 .text._sbrk    0x00008a28       0x34 c:/freescale/kds_3.0.0/toolchain/bin/../lib/gcc/arm-none-eabi/4.8.4/../../../../arm-none-eabi/lib/armv6-m\libnosys.a(sbrk.o)
                0x00008a28                _sbrk
 .text._exit    0x00008a5c        0x4 c:/freescale/kds_3.0.0/toolchain/bin/../lib/gcc/arm-none-eabi/4.8.4/../../../../arm-none-eabi/lib/armv6-m\libnosys.a(_exit.o)
                0x00008a5c                _exit
 *(.rodata)
 .rodata        0x00008a60       0x24 ./Sources/main.o
 .rodata        0x00008a84        0xc ./SDK/platform/utilities/src/fsl_debug_console.o
 .rodata        0x00008a90      0x21c ./SDK/platform/system/src/clock/MKL25Z4/fsl_clock_MKL25Z4.o
 .rodata        0x00008cac       0x70 ./Generated_Code/osa1.o
 .rodata        0x00008d1c       0x7c ./Generated_Code/pin_init.o
 .rodata        0x00008d98       0x40 c:/freescale/kds_3.0.0/toolchain/bin/../lib/gcc/arm-none-eabi/4.8.4/armv6-m\libgcc.a(divsf3.o)
 .rodata        0x00008dd8       0x40 c:/freescale/kds_3.0.0/toolchain/bin/../lib/gcc/arm-none-eabi/4.8.4/armv6-m\libgcc.a(mulsf3.o)
 .rodata        0x00008e18       0x40 c:/freescale/kds_3.0.0/toolchain/bin/../lib/gcc/arm-none-eabi/4.8.4/armv6-m\libgcc.a(divdf3.o)
 .rodata        0x00008e58       0x40 c:/freescale/kds_3.0.0/toolchain/bin/../lib/gcc/arm-none-eabi/4.8.4/armv6-m\libgcc.a(muldf3.o)
 *(.rodata*)
 .rodata._doprint
                0x00008e98      0x110 ./SDK/platform/utilities/src/print_scan.o
 .rodata.CLOCK_SYS_GetFreq
                0x00008fa8       0x58 ./SDK/platform/system/src/clock/MKL25Z4/fsl_clock_MKL25Z4.o
 .rodata.uartGateTable
                0x00009000        0x4 ./SDK/platform/system/src/clock/MKL25Z4/fsl_clock_MKL25Z4.o
 .rodata.__func__.6632
                0x00009004       0x1c ./SDK/platform/system/src/clock/MKL25Z4/fsl_clock_MKL25Z4.o
 .rodata.__func__.6637
                0x00009020       0x1c ./SDK/platform/system/src/clock/MKL25Z4/fsl_clock_MKL25Z4.o
 .rodata.g_oscBase
                0x0000903c        0x4 ./SDK/platform/system/src/clock/fsl_clock_manager_common.o
                0x0000903c                g_oscBase
 .rodata.fllFactorTable.5299
                0x00009040       0x10 ./SDK/platform/hal/src/mcg/fsl_mcg_hal.o
 .rodata.__func__.7293
                0x00009050       0x10 ./Generated_Code/osa1.o
 .rodata.__func__.5089
                0x00009060       0x14 ./Generated_Code/pin_init.o
 .rodata.str1.1
                0x00009074       0x3c c:/freescale/kds_3.0.0/toolchain/bin/../lib/gcc/arm-none-eabi/4.8.4/../../../../arm-none-eabi/lib/armv6-m\libg_s.a(lib_a-assert.o)
                                 0x3d (size before relaxing)
 .rodata.str1.1
                0x000090b0        0x2 c:/freescale/kds_3.0.0/toolchain/bin/../lib/gcc/arm-none-eabi/4.8.4/../../../../arm-none-eabi/lib/armv6-m\libg_s.a(lib_a-impure.o)
 *fill*         0x000090b2        0x2 
 .rodata._global_impure_ptr
                0x000090b4        0x4 c:/freescale/kds_3.0.0/toolchain/bin/../lib/gcc/arm-none-eabi/4.8.4/../../../../arm-none-eabi/lib/armv6-m\libg_s.a(lib_a-impure.o)
                0x000090b4                _global_impure_ptr
 .rodata.str1.1
                0x000090b8       0x11 c:/freescale/kds_3.0.0/toolchain/bin/../lib/gcc/arm-none-eabi/4.8.4/../../../../arm-none-eabi/lib/armv6-m\libg_s.a(lib_a-vfprintf.o)
 .rodata.str1.1
                0x000090c9       0x12 c:/freescale/kds_3.0.0/toolchain/bin/../lib/gcc/arm-none-eabi/4.8.4/../../../../arm-none-eabi/lib/armv6-m\libg_s.a(lib_a-vfprintf_float.o)
 .rodata.str1.1
                0x000090db       0x22 c:/freescale/kds_3.0.0/toolchain/bin/../lib/gcc/arm-none-eabi/4.8.4/../../../../arm-none-eabi/lib/armv6-m\libg_s.a(lib_a-vfprintf_i.o)
 .rodata.str1.1
                0x000090fd        0xd c:/freescale/kds_3.0.0/toolchain/bin/../lib/gcc/arm-none-eabi/4.8.4/../../../../arm-none-eabi/lib/armv6-m\libg_s.a(lib_a-dtoa.o)
                                  0xf (size before relaxing)
 *fill*         0x0000910a        0x2 
 .rodata.__sf_fake_stdin
                0x0000910c       0x20 c:/freescale/kds_3.0.0/toolchain/bin/../lib/gcc/arm-none-eabi/4.8.4/../../../../arm-none-eabi/lib/armv6-m\libg_s.a(lib_a-findfp.o)
                0x0000910c                __sf_fake_stdin
 .rodata.__sf_fake_stdout
                0x0000912c       0x20 c:/freescale/kds_3.0.0/toolchain/bin/../lib/gcc/arm-none-eabi/4.8.4/../../../../arm-none-eabi/lib/armv6-m\libg_s.a(lib_a-findfp.o)
                0x0000912c                __sf_fake_stdout
 .rodata.__sf_fake_stderr
                0x0000914c       0x20 c:/freescale/kds_3.0.0/toolchain/bin/../lib/gcc/arm-none-eabi/4.8.4/../../../../arm-none-eabi/lib/armv6-m\libg_s.a(lib_a-findfp.o)
                0x0000914c                __sf_fake_stderr
 .rodata.str1.1
                0x0000916c        0x8 c:/freescale/kds_3.0.0/toolchain/bin/../lib/gcc/arm-none-eabi/4.8.4/../../../../arm-none-eabi/lib/armv6-m\libg_s.a(lib_a-locale.o)
                                  0xb (size before relaxing)
 *fill*         0x00009174        0x4 
 .rodata.__mprec_tens
                0x00009178       0xc8 c:/freescale/kds_3.0.0/toolchain/bin/../lib/gcc/arm-none-eabi/4.8.4/../../../../arm-none-eabi/lib/armv6-m\libg_s.a(lib_a-mprec.o)
                0x00009178                __mprec_tens
 .rodata.__mprec_bigtens
                0x00009240       0x28 c:/freescale/kds_3.0.0/toolchain/bin/../lib/gcc/arm-none-eabi/4.8.4/../../../../arm-none-eabi/lib/armv6-m\libg_s.a(lib_a-mprec.o)
                0x00009240                __mprec_bigtens
 .rodata.p05.5281
                0x00009268        0xc c:/freescale/kds_3.0.0/toolchain/bin/../lib/gcc/arm-none-eabi/4.8.4/../../../../arm-none-eabi/lib/armv6-m\libg_s.a(lib_a-mprec.o)
 *(.glue_7)
 .glue_7        0x00000000        0x0 linker stubs
 *(.glue_7t)
 .glue_7t       0x00000000        0x0 linker stubs
 *(.eh_frame)
 .eh_frame      0x00009274        0x0 c:/freescale/kds_3.0.0/toolchain/bin/../lib/gcc/arm-none-eabi/4.8.4/armv6-m/crtbegin.o
 *(.init)
 .init          0x00009274        0x4 c:/freescale/kds_3.0.0/toolchain/bin/../lib/gcc/arm-none-eabi/4.8.4/armv6-m/crti.o
                0x00009274                _init
 .init          0x00009278        0x8 c:/freescale/kds_3.0.0/toolchain/bin/../lib/gcc/arm-none-eabi/4.8.4/armv6-m/crtn.o
 *(.fini)
 .fini          0x00009280        0x4 c:/freescale/kds_3.0.0/toolchain/bin/../lib/gcc/arm-none-eabi/4.8.4/armv6-m/crti.o
                0x00009280                _fini
 .fini          0x00009284        0x8 c:/freescale/kds_3.0.0/toolchain/bin/../lib/gcc/arm-none-eabi/4.8.4/armv6-m/crtn.o
                0x0000928c                . = ALIGN (0x4)

.vfp11_veneer   0x0000928c        0x0
 .vfp11_veneer  0x00000000        0x0 linker stubs

.v4_bx          0x0000928c        0x0
 .v4_bx         0x00000000        0x0 linker stubs

.iplt           0x0000928c        0x0
 .iplt          0x00000000        0x0 c:/freescale/kds_3.0.0/toolchain/bin/../lib/gcc/arm-none-eabi/4.8.4/armv6-m/crtbegin.o

.ARM.extab
 *(.ARM.extab* .gnu.linkonce.armextab.*)

.ARM            0x0000928c        0x8
                0x0000928c                __exidx_start = .
 *(.ARM.exidx*)
 .ARM.exidx     0x0000928c        0x8 c:/freescale/kds_3.0.0/toolchain/bin/../lib/gcc/arm-none-eabi/4.8.4/../../../../arm-none-eabi/lib/armv6-m/crt0.o
 .ARM.exidx     0x00009294        0x0 c:/freescale/kds_3.0.0/toolchain/bin/../lib/gcc/arm-none-eabi/4.8.4/armv6-m\libgcc.a(_divdi3.o)
                                  0x8 (size before relaxing)
 .ARM.exidx     0x00009294        0x0 c:/freescale/kds_3.0.0/toolchain/bin/../lib/gcc/arm-none-eabi/4.8.4/armv6-m\libgcc.a(_udivdi3.o)
                                  0x8 (size before relaxing)
                0x00009294                __exidx_end = .

.rel.dyn        0x00009294        0x0
 .rel.iplt      0x00000000        0x0 c:/freescale/kds_3.0.0/toolchain/bin/../lib/gcc/arm-none-eabi/4.8.4/armv6-m/crtbegin.o

.ctors          0x00009294        0x0
                0x00009294                __CTOR_LIST__ = .
 *crtbegin.o(.ctors)
 *crtbegin?.o(.ctors)
 *(EXCLUDE_FILE(*crtend.o *crtend?.o) .ctors)
 *(SORT(.ctors.*))
 *(.ctors)
                0x00009294                __CTOR_END__ = .

.dtors          0x00009294        0x0
                0x00009294                __DTOR_LIST__ = .
 *crtbegin.o(.dtors)
 *crtbegin?.o(.dtors)
 *(EXCLUDE_FILE(*crtend.o *crtend?.o) .dtors)
 *(SORT(.dtors.*))
 *(.dtors)
                0x00009294                __DTOR_END__ = .

.preinit_array  0x00009294        0x0
                0x00009294                PROVIDE (__preinit_array_start, .)
 *(.preinit_array*)
                0x00009294                PROVIDE (__preinit_array_end, .)

.init_array     0x00009294        0x4
                0x00009294                PROVIDE (__init_array_start, .)
 *(SORT(.init_array.*))
 *(.init_array*)
 .init_array    0x00009294        0x4 c:/freescale/kds_3.0.0/toolchain/bin/../lib/gcc/arm-none-eabi/4.8.4/armv6-m/crtbegin.o
                0x00009298                PROVIDE (__init_array_end, .)

.fini_array     0x00009298        0x4
                0x00009298                PROVIDE (__fini_array_start, .)
 *(SORT(.fini_array.*))
 *(.fini_array*)
 .fini_array    0x00009298        0x4 c:/freescale/kds_3.0.0/toolchain/bin/../lib/gcc/arm-none-eabi/4.8.4/armv6-m/crtbegin.o
                0x0000929c                PROVIDE (__fini_array_end, .)
                0x0000929c                __etext = .
                0x0000929c                __DATA_ROM = .

.mtb            0x1ffff200        0x0
                0x1ffff200                . = ALIGN (0x8)
                0x1ffff200                _mtb_start = .
 *(.mtb_buf)
                0x1ffff200                . = ALIGN (0x8)
                0x1ffff200                _mtb_end = .

.data           0x1ffff200       0xac load address 0x0000929c
                0x1ffff200                . = ALIGN (0x4)
                0x1ffff200                __DATA_RAM = .
                0x1ffff200                __data_start__ = .
 *(.data)
 *(.data*)
 .data.rng_state
                0x1ffff200        0x4 ./Sources/main.o
 .data.g_fastInternalRefClkFreq
                0x1ffff204        0x4 ./SDK/platform/hal/src/mcg/fsl_mcg_hal.o
                0x1ffff204                g_fastInternalRefClkFreq
 .data.g_slowInternalRefClkFreq
                0x1ffff208        0x4 ./SDK/platform/hal/src/mcg/fsl_mcg_hal.o
                0x1ffff208                g_slowInternalRefClkFreq
 .data.impure_data
                0x1ffff20c       0x60 c:/freescale/kds_3.0.0/toolchain/bin/../lib/gcc/arm-none-eabi/4.8.4/../../../../arm-none-eabi/lib/armv6-m\libg_s.a(lib_a-impure.o)
 .data._impure_ptr
                0x1ffff26c        0x4 c:/freescale/kds_3.0.0/toolchain/bin/../lib/gcc/arm-none-eabi/4.8.4/../../../../arm-none-eabi/lib/armv6-m\libg_s.a(lib_a-impure.o)
                0x1ffff26c                _impure_ptr
 .data.lconv    0x1ffff270       0x38 c:/freescale/kds_3.0.0/toolchain/bin/../lib/gcc/arm-none-eabi/4.8.4/../../../../arm-none-eabi/lib/armv6-m\libg_s.a(lib_a-locale.o)
 *(.jcr*)
 .jcr           0x1ffff2a8        0x0 c:/freescale/kds_3.0.0/toolchain/bin/../lib/gcc/arm-none-eabi/4.8.4/armv6-m/crtbegin.o
 .jcr           0x1ffff2a8        0x4 c:/freescale/kds_3.0.0/toolchain/bin/../lib/gcc/arm-none-eabi/4.8.4/armv6-m/crtend.o
                0x1ffff2ac                . = ALIGN (0x4)
                0x1ffff2ac                __data_end__ = .
                0x00009348                __DATA_END = (__DATA_ROM + (__data_end__ - __data_start__))
                0x00009348                __m_interrupts_ram_ROMStart = (__DATA_ROM + SIZEOF (.data))

.igot.plt       0x1ffff2ac        0x0 load address 0x00009348
 .igot.plt      0x00000000        0x0 c:/freescale/kds_3.0.0/toolchain/bin/../lib/gcc/arm-none-eabi/4.8.4/armv6-m/crtbegin.o

.m_interrupts_ram
                0x1ffff000      0x200 load address 0x00009348
                0x1ffff000                . = ALIGN (0x4)
                0x1ffff000                __m_interrupts_ram_RAMStart = .
 *(.m_interrupts_ram)
                0x1ffff200                . = (. + 0x200)
 *fill*         0x1ffff000      0x200 
                0x1ffff200                __m_interrupts_ram_RAMEnd = .
                0x1ffff200                . = ALIGN (0x4)
                0x00000200                __m_interrupts_ram_ROMSize = (__m_interrupts_ram_RAMEnd - __m_interrupts_ram_RAMStart)
                0x00000200                __RAM_VECTOR_TABLE_SIZE_BYTES = (__m_interrupts_ram_RAMEnd - __m_interrupts_ram_RAMStart)

.bss            0x1ffff2ac       0xac load address 0x00009348
                0x1ffff2ac                . = ALIGN (0x4)
                0x1ffff2ac                __START_BSS = .
                0x1ffff2ac                __bss_start__ = .
 *(.bss)
 .bss           0x1ffff2ac       0x1c c:/freescale/kds_3.0.0/toolchain/bin/../lib/gcc/arm-none-eabi/4.8.4/armv6-m/crtbegin.o
 *(.bss*)
 .bss.s_debugConsole
                0x1ffff2c8       0x10 ./SDK/platform/utilities/src/fsl_debug_console.o
 .bss.g_taskControlBlockPool
                0x1ffff2d8       0x50 ./SDK/platform/osa/src/fsl_os_abstraction_bm.o
 .bss.g_freeTaskControlBlock
                0x1ffff328        0x4 ./SDK/platform/osa/src/fsl_os_abstraction_bm.o
 .bss.g_taskListHead
                0x1ffff32c       0x10 ./SDK/platform/osa/src/fsl_os_abstraction_bm.o
 .bss.SwTimerIsrCounter
                0x1ffff33c        0x2 ./Generated_Code/osa1.o
 *fill*         0x1ffff33e        0x2 
 .bss.__malloc_sbrk_start
                0x1ffff340        0x4 c:/freescale/kds_3.0.0/toolchain/bin/../lib/gcc/arm-none-eabi/4.8.4/../../../../arm-none-eabi/lib/armv6-m\libg_s.a(lib_a-nano-mallocr.o)
                0x1ffff340                __malloc_sbrk_start
 .bss.__malloc_free_list
                0x1ffff344        0x4 c:/freescale/kds_3.0.0/toolchain/bin/../lib/gcc/arm-none-eabi/4.8.4/../../../../arm-none-eabi/lib/armv6-m\libg_s.a(lib_a-nano-mallocr.o)
                0x1ffff344                __malloc_free_list
 .bss.heap_end.4246
                0x1ffff348        0x4 c:/freescale/kds_3.0.0/toolchain/bin/../lib/gcc/arm-none-eabi/4.8.4/../../../../arm-none-eabi/lib/armv6-m\libnosys.a(sbrk.o)
 *(COMMON)
 COMMON         0x1ffff34c        0x8 ./SDK/platform/hal/src/mcg/fsl_mcg_hal.o
                0x1ffff34c                g_xtal0ClkFreq
                0x1ffff350                g_xtalRtcClkFreq
 COMMON         0x1ffff354        0x4 c:/freescale/kds_3.0.0/toolchain/bin/../lib/gcc/arm-none-eabi/4.8.4/../../../../arm-none-eabi/lib/armv6-m\libg_s.a(lib_a-reent.o)
                0x1ffff354                errno
                0x1ffff358                . = ALIGN (0x4)
                0x1ffff358                __bss_end__ = .
                0x1ffff358                __END_BSS = .

.heap           0x1ffff358        0x0
                0x1ffff358                . = ALIGN (0x8)
                0x1ffff358                __end__ = .
                0x1ffff358                PROVIDE (end, .)
                0x1ffff358                __HeapBase = .
                0x1ffff358                . = (. + HEAP_SIZE)
                0x1ffff358                __HeapLimit = .

.stack          0x1ffff358      0x400 load address 0x000093f4
                0x1ffff358                . = ALIGN (0x8)
                0x1ffff758                . = (. + STACK_SIZE)
 *fill*         0x1ffff358      0x400 
                0x20003000                __StackTop = (ORIGIN (m_data) + 0x3e00)
                0x20002c00                __StackLimit = (__StackTop - STACK_SIZE)
                0x20003000                PROVIDE (__stack, __StackTop)

.ARM.attributes
                0x00000000       0x28
 *(.ARM.attributes)
 .ARM.attributes
                0x00000000       0x1e c:/freescale/kds_3.0.0/toolchain/bin/../lib/gcc/arm-none-eabi/4.8.4/armv6-m/crti.o
 .ARM.attributes
                0x0000001e       0x2c c:/freescale/kds_3.0.0/toolchain/bin/../lib/gcc/arm-none-eabi/4.8.4/armv6-m/crtbegin.o
 .ARM.attributes
                0x0000004a       0x1b c:/freescale/kds_3.0.0/toolchain/bin/../lib/gcc/arm-none-eabi/4.8.4/../../../../arm-none-eabi/lib/armv6-m/crt0.o
 .ARM.attributes
                0x00000065       0x32 ./Static_Code/System/PE_low_level_init.o
 .ARM.attributes
                0x00000097       0x32 ./Sources/main.o
 .ARM.attributes
                0x000000c9       0x32 ./SDK/platform/utilities/src/fsl_debug_console.o
 .ARM.attributes
                0x000000fb       0x32 ./SDK/platform/utilities/src/print_scan.o
 .ARM.attributes
                0x0000012d       0x32 ./SDK/platform/system/src/clock/MKL25Z4/fsl_clock_MKL25Z4.o
 .ARM.attributes
                0x0000015f       0x32 ./SDK/platform/system/src/clock/fsl_clock_manager.o
 .ARM.attributes
                0x00000191       0x32 ./SDK/platform/system/src/clock/fsl_clock_manager_common.o
 .ARM.attributes
                0x000001c3       0x32 ./SDK/platform/osa/src/fsl_os_abstraction_bm.o
 .ARM.attributes
                0x000001f5       0x32 ./SDK/platform/hal/src/uart/fsl_uart_hal.o
 .ARM.attributes
                0x00000227       0x32 ./SDK/platform/hal/src/mcg/fsl_mcg_hal.o
 .ARM.attributes
                0x00000259       0x32 ./SDK/platform/hal/src/lpsci/fsl_lpsci_hal.o
 .ARM.attributes
                0x0000028b       0x1b ./SDK/platform/devices/MKL25Z4/startup/gcc/startup_MKL25Z4.o
 .ARM.attributes
                0x000002a6       0x32 ./SDK/platform/devices/MKL25Z4/startup/system_MKL25Z4.o
 .ARM.attributes
                0x000002d8       0x32 ./SDK/platform/devices/startup.o
 .ARM.attributes
                0x0000030a       0x32 ./Generated_Code/Cpu.o
 .ARM.attributes
                0x0000033c       0x32 ./Generated_Code/hardware_init.o
 .ARM.attributes
                0x0000036e       0x32 ./Generated_Code/osa1.o
 .ARM.attributes
                0x000003a0       0x32 ./Generated_Code/pin_init.o
 .ARM.attributes
                0x000003d2       0x2c c:/freescale/kds_3.0.0/toolchain/bin/../lib/gcc/arm-none-eabi/4.8.4/../../../../arm-none-eabi/lib/armv6-m\libm.a(lib_a-s_modf.o)
 .ARM.attributes
                0x000003fe       0x1e c:/freescale/kds_3.0.0/toolchain/bin/../lib/gcc/arm-none-eabi/4.8.4/armv6-m\libgcc.a(_udivsi3.o)
 .ARM.attributes
                0x0000041c       0x1e c:/freescale/kds_3.0.0/toolchain/bin/../lib/gcc/arm-none-eabi/4.8.4/armv6-m\libgcc.a(_divsi3.o)
 .ARM.attributes
                0x0000043a       0x1e c:/freescale/kds_3.0.0/toolchain/bin/../lib/gcc/arm-none-eabi/4.8.4/armv6-m\libgcc.a(_dvmd_tls.o)
 .ARM.attributes
                0x00000458       0x1e c:/freescale/kds_3.0.0/toolchain/bin/../lib/gcc/arm-none-eabi/4.8.4/armv6-m\libgcc.a(_arm_cmpdf2.o)
 .ARM.attributes
                0x00000476       0x1e c:/freescale/kds_3.0.0/toolchain/bin/../lib/gcc/arm-none-eabi/4.8.4/armv6-m\libgcc.a(_arm_cmpsf2.o)
 .ARM.attributes
                0x00000494       0x1e c:/freescale/kds_3.0.0/toolchain/bin/../lib/gcc/arm-none-eabi/4.8.4/armv6-m\libgcc.a(_aeabi_uldivmod.o)
 .ARM.attributes
                0x000004b2       0x2c c:/freescale/kds_3.0.0/toolchain/bin/../lib/gcc/arm-none-eabi/4.8.4/armv6-m\libgcc.a(_muldi3.o)
 .ARM.attributes
                0x000004de       0x2c c:/freescale/kds_3.0.0/toolchain/bin/../lib/gcc/arm-none-eabi/4.8.4/armv6-m\libgcc.a(_fixunsdfdi.o)
 .ARM.attributes
                0x0000050a       0x2c c:/freescale/kds_3.0.0/toolchain/bin/../lib/gcc/arm-none-eabi/4.8.4/armv6-m\libgcc.a(_floatundidf.o)
 .ARM.attributes
                0x00000536       0x2c c:/freescale/kds_3.0.0/toolchain/bin/../lib/gcc/arm-none-eabi/4.8.4/armv6-m\libgcc.a(bpabi.o)
 .ARM.attributes
                0x00000562       0x2c c:/freescale/kds_3.0.0/toolchain/bin/../lib/gcc/arm-none-eabi/4.8.4/armv6-m\libgcc.a(addsf3.o)
 .ARM.attributes
                0x0000058e       0x2c c:/freescale/kds_3.0.0/toolchain/bin/../lib/gcc/arm-none-eabi/4.8.4/armv6-m\libgcc.a(divsf3.o)
 .ARM.attributes
                0x000005ba       0x2c c:/freescale/kds_3.0.0/toolchain/bin/../lib/gcc/arm-none-eabi/4.8.4/armv6-m\libgcc.a(eqsf2.o)
 .ARM.attributes
                0x000005e6       0x2c c:/freescale/kds_3.0.0/toolchain/bin/../lib/gcc/arm-none-eabi/4.8.4/armv6-m\libgcc.a(gesf2.o)
 .ARM.attributes
                0x00000612       0x2c c:/freescale/kds_3.0.0/toolchain/bin/../lib/gcc/arm-none-eabi/4.8.4/armv6-m\libgcc.a(lesf2.o)
 .ARM.attributes
                0x0000063e       0x2c c:/freescale/kds_3.0.0/toolchain/bin/../lib/gcc/arm-none-eabi/4.8.4/armv6-m\libgcc.a(mulsf3.o)
 .ARM.attributes
                0x0000066a       0x2c c:/freescale/kds_3.0.0/toolchain/bin/../lib/gcc/arm-none-eabi/4.8.4/armv6-m\libgcc.a(subsf3.o)
 .ARM.attributes
                0x00000696       0x2c c:/freescale/kds_3.0.0/toolchain/bin/../lib/gcc/arm-none-eabi/4.8.4/armv6-m\libgcc.a(floatunsisf.o)
 .ARM.attributes
                0x000006c2       0x2c c:/freescale/kds_3.0.0/toolchain/bin/../lib/gcc/arm-none-eabi/4.8.4/armv6-m\libgcc.a(adddf3.o)
 .ARM.attributes
                0x000006ee       0x2c c:/freescale/kds_3.0.0/toolchain/bin/../lib/gcc/arm-none-eabi/4.8.4/armv6-m\libgcc.a(divdf3.o)
 .ARM.attributes
                0x0000071a       0x2c c:/freescale/kds_3.0.0/toolchain/bin/../lib/gcc/arm-none-eabi/4.8.4/armv6-m\libgcc.a(eqdf2.o)
 .ARM.attributes
                0x00000746       0x2c c:/freescale/kds_3.0.0/toolchain/bin/../lib/gcc/arm-none-eabi/4.8.4/armv6-m\libgcc.a(gedf2.o)
 .ARM.attributes
                0x00000772       0x2c c:/freescale/kds_3.0.0/toolchain/bin/../lib/gcc/arm-none-eabi/4.8.4/armv6-m\libgcc.a(ledf2.o)
 .ARM.attributes
                0x0000079e       0x2c c:/freescale/kds_3.0.0/toolchain/bin/../lib/gcc/arm-none-eabi/4.8.4/armv6-m\libgcc.a(muldf3.o)
 .ARM.attributes
                0x000007ca       0x2c c:/freescale/kds_3.0.0/toolchain/bin/../lib/gcc/arm-none-eabi/4.8.4/armv6-m\libgcc.a(subdf3.o)
 .ARM.attributes
                0x000007f6       0x2c c:/freescale/kds_3.0.0/toolchain/bin/../lib/gcc/arm-none-eabi/4.8.4/armv6-m\libgcc.a(fixdfsi.o)
 .ARM.attributes
                0x00000822       0x2c c:/freescale/kds_3.0.0/toolchain/bin/../lib/gcc/arm-none-eabi/4.8.4/armv6-m\libgcc.a(floatsidf.o)
 .ARM.attributes
                0x0000084e       0x2c c:/freescale/kds_3.0.0/toolchain/bin/../lib/gcc/arm-none-eabi/4.8.4/armv6-m\libgcc.a(floatunsidf.o)
 .ARM.attributes
                0x0000087a       0x2c c:/freescale/kds_3.0.0/toolchain/bin/../lib/gcc/arm-none-eabi/4.8.4/armv6-m\libgcc.a(extendsfdf2.o)
 .ARM.attributes
                0x000008a6       0x1e c:/freescale/kds_3.0.0/toolchain/bin/../lib/gcc/arm-none-eabi/4.8.4/armv6-m\libgcc.a(_clzsi2.o)
 .ARM.attributes
                0x000008c4       0x2c c:/freescale/kds_3.0.0/toolchain/bin/../lib/gcc/arm-none-eabi/4.8.4/armv6-m\libgcc.a(_fixunsdfsi.o)
 .ARM.attributes
                0x000008f0       0x2c c:/freescale/kds_3.0.0/toolchain/bin/../lib/gcc/arm-none-eabi/4.8.4/armv6-m\libgcc.a(_divdi3.o)
 .ARM.attributes
                0x0000091c       0x2c c:/freescale/kds_3.0.0/toolchain/bin/../lib/gcc/arm-none-eabi/4.8.4/armv6-m\libgcc.a(_udivdi3.o)
 .ARM.attributes
                0x00000948       0x2c c:/freescale/kds_3.0.0/toolchain/bin/../lib/gcc/arm-none-eabi/4.8.4/../../../../arm-none-eabi/lib/armv6-m\libg_s.a(lib_a-assert.o)
 .ARM.attributes
                0x00000974       0x2c c:/freescale/kds_3.0.0/toolchain/bin/../lib/gcc/arm-none-eabi/4.8.4/../../../../arm-none-eabi/lib/armv6-m\libg_s.a(lib_a-exit.o)
 .ARM.attributes
                0x000009a0       0x2c c:/freescale/kds_3.0.0/toolchain/bin/../lib/gcc/arm-none-eabi/4.8.4/../../../../arm-none-eabi/lib/armv6-m\libg_s.a(lib_a-fprintf.o)
 .ARM.attributes
                0x000009cc       0x2c c:/freescale/kds_3.0.0/toolchain/bin/../lib/gcc/arm-none-eabi/4.8.4/../../../../arm-none-eabi/lib/armv6-m\libg_s.a(lib_a-impure.o)
 .ARM.attributes
                0x000009f8       0x2c c:/freescale/kds_3.0.0/toolchain/bin/../lib/gcc/arm-none-eabi/4.8.4/../../../../arm-none-eabi/lib/armv6-m\libg_s.a(lib_a-init.o)
 .ARM.attributes
                0x00000a24       0x2c c:/freescale/kds_3.0.0/toolchain/bin/../lib/gcc/arm-none-eabi/4.8.4/../../../../arm-none-eabi/lib/armv6-m\libg_s.a(lib_a-malloc.o)
 .ARM.attributes
                0x00000a50       0x2c c:/freescale/kds_3.0.0/toolchain/bin/../lib/gcc/arm-none-eabi/4.8.4/../../../../arm-none-eabi/lib/armv6-m\libg_s.a(lib_a-memset.o)
 .ARM.attributes
                0x00000a7c       0x2c c:/freescale/kds_3.0.0/toolchain/bin/../lib/gcc/arm-none-eabi/4.8.4/../../../../arm-none-eabi/lib/armv6-m\libg_s.a(lib_a-nano-callocr.o)
 .ARM.attributes
                0x00000aa8       0x2c c:/freescale/kds_3.0.0/toolchain/bin/../lib/gcc/arm-none-eabi/4.8.4/../../../../arm-none-eabi/lib/armv6-m\libg_s.a(lib_a-nano-freer.o)
 .ARM.attributes
                0x00000ad4       0x2c c:/freescale/kds_3.0.0/toolchain/bin/../lib/gcc/arm-none-eabi/4.8.4/../../../../arm-none-eabi/lib/armv6-m\libg_s.a(lib_a-nano-mallocr.o)
 .ARM.attributes
                0x00000b00       0x2c c:/freescale/kds_3.0.0/toolchain/bin/../lib/gcc/arm-none-eabi/4.8.4/../../../../arm-none-eabi/lib/armv6-m\libg_s.a(lib_a-sbrkr.o)
 .ARM.attributes
                0x00000b2c       0x2c c:/freescale/kds_3.0.0/toolchain/bin/../lib/gcc/arm-none-eabi/4.8.4/../../../../arm-none-eabi/lib/armv6-m\libg_s.a(lib_a-strlen.o)
 .ARM.attributes
                0x00000b58       0x2c c:/freescale/kds_3.0.0/toolchain/bin/../lib/gcc/arm-none-eabi/4.8.4/../../../../arm-none-eabi/lib/armv6-m\libg_s.a(lib_a-vfprintf.o)
 .ARM.attributes
                0x00000b84       0x2c c:/freescale/kds_3.0.0/toolchain/bin/../lib/gcc/arm-none-eabi/4.8.4/../../../../arm-none-eabi/lib/armv6-m\libg_s.a(lib_a-vfprintf_float.o)
 .ARM.attributes
                0x00000bb0       0x2c c:/freescale/kds_3.0.0/toolchain/bin/../lib/gcc/arm-none-eabi/4.8.4/../../../../arm-none-eabi/lib/armv6-m\libg_s.a(lib_a-vfprintf_i.o)
 .ARM.attributes
                0x00000bdc       0x2c c:/freescale/kds_3.0.0/toolchain/bin/../lib/gcc/arm-none-eabi/4.8.4/../../../../arm-none-eabi/lib/armv6-m\libg_s.a(lib_a-wbuf.o)
 .ARM.attributes
                0x00000c08       0x2c c:/freescale/kds_3.0.0/toolchain/bin/../lib/gcc/arm-none-eabi/4.8.4/../../../../arm-none-eabi/lib/armv6-m\libg_s.a(lib_a-wsetup.o)
 .ARM.attributes
                0x00000c34       0x2c c:/freescale/kds_3.0.0/toolchain/bin/../lib/gcc/arm-none-eabi/4.8.4/../../../../arm-none-eabi/lib/armv6-m\libg_s.a(lib_a-abort.o)
 .ARM.attributes
                0x00000c60       0x2c c:/freescale/kds_3.0.0/toolchain/bin/../lib/gcc/arm-none-eabi/4.8.4/../../../../arm-none-eabi/lib/armv6-m\libg_s.a(lib_a-dtoa.o)
 .ARM.attributes
                0x00000c8c       0x2c c:/freescale/kds_3.0.0/toolchain/bin/../lib/gcc/arm-none-eabi/4.8.4/../../../../arm-none-eabi/lib/armv6-m\libg_s.a(lib_a-fflush.o)
 .ARM.attributes
                0x00000cb8       0x2c c:/freescale/kds_3.0.0/toolchain/bin/../lib/gcc/arm-none-eabi/4.8.4/../../../../arm-none-eabi/lib/armv6-m\libg_s.a(lib_a-findfp.o)
 .ARM.attributes
                0x00000ce4       0x2c c:/freescale/kds_3.0.0/toolchain/bin/../lib/gcc/arm-none-eabi/4.8.4/../../../../arm-none-eabi/lib/armv6-m\libg_s.a(lib_a-locale.o)
 .ARM.attributes
                0x00000d10       0x2c c:/freescale/kds_3.0.0/toolchain/bin/../lib/gcc/arm-none-eabi/4.8.4/../../../../arm-none-eabi/lib/armv6-m\libg_s.a(lib_a-makebuf.o)
 .ARM.attributes
                0x00000d3c       0x2c c:/freescale/kds_3.0.0/toolchain/bin/../lib/gcc/arm-none-eabi/4.8.4/../../../../arm-none-eabi/lib/armv6-m\libg_s.a(lib_a-memchr-stub.o)
 .ARM.attributes
                0x00000d68       0x2c c:/freescale/kds_3.0.0/toolchain/bin/../lib/gcc/arm-none-eabi/4.8.4/../../../../arm-none-eabi/lib/armv6-m\libg_s.a(lib_a-memcpy-stub.o)
 .ARM.attributes
                0x00000d94       0x2c c:/freescale/kds_3.0.0/toolchain/bin/../lib/gcc/arm-none-eabi/4.8.4/../../../../arm-none-eabi/lib/armv6-m\libg_s.a(lib_a-mprec.o)
 .ARM.attributes
                0x00000dc0       0x2c c:/freescale/kds_3.0.0/toolchain/bin/../lib/gcc/arm-none-eabi/4.8.4/../../../../arm-none-eabi/lib/armv6-m\libg_s.a(lib_a-reent.o)
 .ARM.attributes
                0x00000dec       0x2c c:/freescale/kds_3.0.0/toolchain/bin/../lib/gcc/arm-none-eabi/4.8.4/../../../../arm-none-eabi/lib/armv6-m\libg_s.a(lib_a-s_fpclassify.o)
 .ARM.attributes
                0x00000e18       0x2c c:/freescale/kds_3.0.0/toolchain/bin/../lib/gcc/arm-none-eabi/4.8.4/../../../../arm-none-eabi/lib/armv6-m\libg_s.a(lib_a-signal.o)
 .ARM.attributes
                0x00000e44       0x2c c:/freescale/kds_3.0.0/toolchain/bin/../lib/gcc/arm-none-eabi/4.8.4/../../../../arm-none-eabi/lib/armv6-m\libg_s.a(lib_a-signalr.o)
 .ARM.attributes
                0x00000e70       0x2c c:/freescale/kds_3.0.0/toolchain/bin/../lib/gcc/arm-none-eabi/4.8.4/../../../../arm-none-eabi/lib/armv6-m\libg_s.a(lib_a-stdio.o)
 .ARM.attributes
                0x00000e9c       0x2c c:/freescale/kds_3.0.0/toolchain/bin/../lib/gcc/arm-none-eabi/4.8.4/../../../../arm-none-eabi/lib/armv6-m\libg_s.a(lib_a-writer.o)
 .ARM.attributes
                0x00000ec8       0x2c c:/freescale/kds_3.0.0/toolchain/bin/../lib/gcc/arm-none-eabi/4.8.4/../../../../arm-none-eabi/lib/armv6-m\libg_s.a(lib_a-closer.o)
 .ARM.attributes
                0x00000ef4       0x2c c:/freescale/kds_3.0.0/toolchain/bin/../lib/gcc/arm-none-eabi/4.8.4/../../../../arm-none-eabi/lib/armv6-m\libg_s.a(lib_a-fstatr.o)
 .ARM.attributes
                0x00000f20       0x2c c:/freescale/kds_3.0.0/toolchain/bin/../lib/gcc/arm-none-eabi/4.8.4/../../../../arm-none-eabi/lib/armv6-m\libg_s.a(lib_a-isattyr.o)
 .ARM.attributes
                0x00000f4c       0x2c c:/freescale/kds_3.0.0/toolchain/bin/../lib/gcc/arm-none-eabi/4.8.4/../../../../arm-none-eabi/lib/armv6-m\libg_s.a(lib_a-lseekr.o)
 .ARM.attributes
                0x00000f78       0x2c c:/freescale/kds_3.0.0/toolchain/bin/../lib/gcc/arm-none-eabi/4.8.4/../../../../arm-none-eabi/lib/armv6-m\libg_s.a(lib_a-readr.o)
 .ARM.attributes
                0x00000fa4       0x1e c:/freescale/kds_3.0.0/toolchain/bin/../lib/gcc/arm-none-eabi/4.8.4/armv6-m\libgcc.a(_thumb1_case_uqi.o)
 .ARM.attributes
                0x00000fc2       0x2c c:/freescale/kds_3.0.0/toolchain/bin/../lib/gcc/arm-none-eabi/4.8.4/../../../../arm-none-eabi/lib/armv6-m\libnosys.a(close.o)
 .ARM.attributes
                0x00000fee       0x2c c:/freescale/kds_3.0.0/toolchain/bin/../lib/gcc/arm-none-eabi/4.8.4/../../../../arm-none-eabi/lib/armv6-m\libnosys.a(fstat.o)
 .ARM.attributes
                0x0000101a       0x2c c:/freescale/kds_3.0.0/toolchain/bin/../lib/gcc/arm-none-eabi/4.8.4/../../../../arm-none-eabi/lib/armv6-m\libnosys.a(getpid.o)
 .ARM.attributes
                0x00001046       0x2c c:/freescale/kds_3.0.0/toolchain/bin/../lib/gcc/arm-none-eabi/4.8.4/../../../../arm-none-eabi/lib/armv6-m\libnosys.a(isatty.o)
 .ARM.attributes
                0x00001072       0x2c c:/freescale/kds_3.0.0/toolchain/bin/../lib/gcc/arm-none-eabi/4.8.4/../../../../arm-none-eabi/lib/armv6-m\libnosys.a(kill.o)
 .ARM.attributes
                0x0000109e       0x2c c:/freescale/kds_3.0.0/toolchain/bin/../lib/gcc/arm-none-eabi/4.8.4/../../../../arm-none-eabi/lib/armv6-m\libnosys.a(lseek.o)
 .ARM.attributes
                0x000010ca       0x2c c:/freescale/kds_3.0.0/toolchain/bin/../lib/gcc/arm-none-eabi/4.8.4/../../../../arm-none-eabi/lib/armv6-m\libnosys.a(sbrk.o)
 .ARM.attributes
                0x000010f6       0x2c c:/freescale/kds_3.0.0/toolchain/bin/../lib/gcc/arm-none-eabi/4.8.4/../../../../arm-none-eabi/lib/armv6-m\libnosys.a(_exit.o)
 .ARM.attributes
                0x00001122       0x2c c:/freescale/kds_3.0.0/toolchain/bin/../lib/gcc/arm-none-eabi/4.8.4/armv6-m/crtend.o
 .ARM.attributes
                0x0000114e       0x1e c:/freescale/kds_3.0.0/toolchain/bin/../lib/gcc/arm-none-eabi/4.8.4/armv6-m/crtn.o
OUTPUT(gps.elf elf32-littlearm)

.debug_info     0x00000000     0x92d0
 .debug_info    0x00000000       0xf3 ./Static_Code/System/PE_low_level_init.o
 .debug_info    0x000000f3      0x62b ./Sources/main.o
 .debug_info    0x0000071e      0xa71 ./SDK/platform/utilities/src/fsl_debug_console.o
 .debug_info    0x0000118f      0x71d ./SDK/platform/utilities/src/print_scan.o
 .debug_info    0x000018ac     0x17ee ./SDK/platform/system/src/clock/MKL25Z4/fsl_clock_MKL25Z4.o
 .debug_info    0x0000309a     0x1534 ./SDK/platform/system/src/clock/fsl_clock_manager.o
 .debug_info    0x000045ce      0x462 ./SDK/platform/system/src/clock/fsl_clock_manager_common.o
 .debug_info    0x00004a30      0xf18 ./SDK/platform/osa/src/fsl_os_abstraction_bm.o
 .debug_info    0x00005948      0x83e ./SDK/platform/hal/src/uart/fsl_uart_hal.o
 .debug_info    0x00006186      0xb9f ./SDK/platform/hal/src/mcg/fsl_mcg_hal.o
 .debug_info    0x00006d25      0x947 ./SDK/platform/hal/src/lpsci/fsl_lpsci_hal.o
 .debug_info    0x0000766c       0xb5 ./SDK/platform/devices/MKL25Z4/startup/gcc/startup_MKL25Z4.o
 .debug_info    0x00007721      0x672 ./SDK/platform/devices/MKL25Z4/startup/system_MKL25Z4.o
 .debug_info    0x00007d93      0x296 ./SDK/platform/devices/startup.o
 .debug_info    0x00008029      0x3d1 ./Generated_Code/Cpu.o
 .debug_info    0x000083fa      0x3cf ./Generated_Code/hardware_init.o
 .debug_info    0x000087c9      0x596 ./Generated_Code/osa1.o
 .debug_info    0x00008d5f      0x571 ./Generated_Code/pin_init.o

.debug_abbrev   0x00000000     0x1c1b
 .debug_abbrev  0x00000000       0x75 ./Static_Code/System/PE_low_level_init.o
 .debug_abbrev  0x00000075      0x19c ./Sources/main.o
 .debug_abbrev  0x00000211      0x23a ./SDK/platform/utilities/src/fsl_debug_console.o
 .debug_abbrev  0x0000044b      0x1b6 ./SDK/platform/utilities/src/print_scan.o
 .debug_abbrev  0x00000601      0x2f0 ./SDK/platform/system/src/clock/MKL25Z4/fsl_clock_MKL25Z4.o
 .debug_abbrev  0x000008f1      0x2a0 ./SDK/platform/system/src/clock/fsl_clock_manager.o
 .debug_abbrev  0x00000b91       0xde ./SDK/platform/system/src/clock/fsl_clock_manager_common.o
 .debug_abbrev  0x00000c6f      0x21f ./SDK/platform/osa/src/fsl_os_abstraction_bm.o
 .debug_abbrev  0x00000e8e      0x1ee ./SDK/platform/hal/src/uart/fsl_uart_hal.o
 .debug_abbrev  0x0000107c      0x22c ./SDK/platform/hal/src/mcg/fsl_mcg_hal.o
 .debug_abbrev  0x000012a8      0x211 ./SDK/platform/hal/src/lpsci/fsl_lpsci_hal.o
 .debug_abbrev  0x000014b9       0x14 ./SDK/platform/devices/MKL25Z4/startup/gcc/startup_MKL25Z4.o
 .debug_abbrev  0x000014cd      0x121 ./SDK/platform/devices/MKL25Z4/startup/system_MKL25Z4.o
 .debug_abbrev  0x000015ee       0xe9 ./SDK/platform/devices/startup.o
 .debug_abbrev  0x000016d7      0x124 ./Generated_Code/Cpu.o
 .debug_abbrev  0x000017fb      0x10c ./Generated_Code/hardware_init.o
 .debug_abbrev  0x00001907      0x1a0 ./Generated_Code/osa1.o
 .debug_abbrev  0x00001aa7      0x174 ./Generated_Code/pin_init.o

.debug_aranges  0x00000000      0x9c8
 .debug_aranges
                0x00000000       0x28 ./Static_Code/System/PE_low_level_init.o
 .debug_aranges
                0x00000028       0x58 ./Sources/main.o
 .debug_aranges
                0x00000080       0xa0 ./SDK/platform/utilities/src/fsl_debug_console.o
 .debug_aranges
                0x00000120       0x50 ./SDK/platform/utilities/src/print_scan.o
 .debug_aranges
                0x00000170      0x218 ./SDK/platform/system/src/clock/MKL25Z4/fsl_clock_MKL25Z4.o
 .debug_aranges
                0x00000388      0x128 ./SDK/platform/system/src/clock/fsl_clock_manager.o
 .debug_aranges
                0x000004b0       0x18 ./SDK/platform/system/src/clock/fsl_clock_manager_common.o
 .debug_aranges
                0x000004c8      0x148 ./SDK/platform/osa/src/fsl_os_abstraction_bm.o
 .debug_aranges
                0x00000610       0xb0 ./SDK/platform/hal/src/uart/fsl_uart_hal.o
 .debug_aranges
                0x000006c0       0xd8 ./SDK/platform/hal/src/mcg/fsl_mcg_hal.o
 .debug_aranges
                0x00000798       0xc8 ./SDK/platform/hal/src/lpsci/fsl_lpsci_hal.o
 .debug_aranges
                0x00000860       0x20 ./SDK/platform/devices/MKL25Z4/startup/gcc/startup_MKL25Z4.o
 .debug_aranges
                0x00000880       0x28 ./SDK/platform/devices/MKL25Z4/startup/system_MKL25Z4.o
 .debug_aranges
                0x000008a8       0x20 ./SDK/platform/devices/startup.o
 .debug_aranges
                0x000008c8       0x30 ./Generated_Code/Cpu.o
 .debug_aranges
                0x000008f8       0x28 ./Generated_Code/hardware_init.o
 .debug_aranges
                0x00000920       0x40 ./Generated_Code/osa1.o
 .debug_aranges
                0x00000960       0x68 ./Generated_Code/pin_init.o

.debug_ranges   0x00000000      0x890
 .debug_ranges  0x00000000       0x18 ./Static_Code/System/PE_low_level_init.o
 .debug_ranges  0x00000018       0x48 ./Sources/main.o
 .debug_ranges  0x00000060       0x90 ./SDK/platform/utilities/src/fsl_debug_console.o
 .debug_ranges  0x000000f0       0x40 ./SDK/platform/utilities/src/print_scan.o
 .debug_ranges  0x00000130      0x208 ./SDK/platform/system/src/clock/MKL25Z4/fsl_clock_MKL25Z4.o
 .debug_ranges  0x00000338      0x118 ./SDK/platform/system/src/clock/fsl_clock_manager.o
 .debug_ranges  0x00000450      0x138 ./SDK/platform/osa/src/fsl_os_abstraction_bm.o
 .debug_ranges  0x00000588       0xa0 ./SDK/platform/hal/src/uart/fsl_uart_hal.o
 .debug_ranges  0x00000628       0xc8 ./SDK/platform/hal/src/mcg/fsl_mcg_hal.o
 .debug_ranges  0x000006f0       0xb8 ./SDK/platform/hal/src/lpsci/fsl_lpsci_hal.o
 .debug_ranges  0x000007a8       0x18 ./SDK/platform/devices/MKL25Z4/startup/system_MKL25Z4.o
 .debug_ranges  0x000007c0       0x10 ./SDK/platform/devices/startup.o
 .debug_ranges  0x000007d0       0x20 ./Generated_Code/Cpu.o
 .debug_ranges  0x000007f0       0x18 ./Generated_Code/hardware_init.o
 .debug_ranges  0x00000808       0x30 ./Generated_Code/osa1.o
 .debug_ranges  0x00000838       0x58 ./Generated_Code/pin_init.o

.debug_macro    0x00000000    0x14ec3
 .debug_macro   0x00000000      0x2ef ./Static_Code/System/PE_low_level_init.o
 .debug_macro   0x000002ef      0x81a ./Static_Code/System/PE_low_level_init.o
 .debug_macro   0x00000b09       0x11 ./Static_Code/System/PE_low_level_init.o
 .debug_macro   0x00000b1a       0x16 ./Static_Code/System/PE_low_level_init.o
 .debug_macro   0x00000b30       0x16 ./Static_Code/System/PE_low_level_init.o
 .debug_macro   0x00000b46       0x44 ./Static_Code/System/PE_low_level_init.o
 .debug_macro   0x00000b8a      0x209 ./Static_Code/System/PE_low_level_init.o
 .debug_macro   0x00000d93       0x3a ./Static_Code/System/PE_low_level_init.o
 .debug_macro   0x00000dcd       0x3a ./Static_Code/System/PE_low_level_init.o
 .debug_macro   0x00000e07       0x1f ./Static_Code/System/PE_low_level_init.o
 .debug_macro   0x00000e26      0x250 ./Static_Code/System/PE_low_level_init.o
 .debug_macro   0x00001076       0xc6 ./Static_Code/System/PE_low_level_init.o
 .debug_macro   0x0000113c     0x8439 ./Static_Code/System/PE_low_level_init.o
 .debug_macro   0x00009575       0x58 ./Static_Code/System/PE_low_level_init.o
 .debug_macro   0x000095cd       0x35 ./Static_Code/System/PE_low_level_init.o
 .debug_macro   0x00009602       0xa3 ./Static_Code/System/PE_low_level_init.o
 .debug_macro   0x000096a5       0x16 ./Static_Code/System/PE_low_level_init.o
 .debug_macro   0x000096bb      0x10e ./Static_Code/System/PE_low_level_init.o
 .debug_macro   0x000097c9       0x7f ./Static_Code/System/PE_low_level_init.o
 .debug_macro   0x00009848       0x52 ./Static_Code/System/PE_low_level_init.o
 .debug_macro   0x0000989a       0x16 ./Static_Code/System/PE_low_level_init.o
 .debug_macro   0x000098b0       0x43 ./Static_Code/System/PE_low_level_init.o
 .debug_macro   0x000098f3      0x180 ./Static_Code/System/PE_low_level_init.o
 .debug_macro   0x00009a73       0x22 ./Static_Code/System/PE_low_level_init.o
 .debug_macro   0x00009a95       0x7c ./Static_Code/System/PE_low_level_init.o
 .debug_macro   0x00009b11     0x764c ./Static_Code/System/PE_low_level_init.o
 .debug_macro   0x0001115d     0x10b2 ./Static_Code/System/PE_low_level_init.o
 .debug_macro   0x0001220f       0x22 ./Static_Code/System/PE_low_level_init.o
 .debug_macro   0x00012231       0x16 ./Static_Code/System/PE_low_level_init.o
 .debug_macro   0x00012247       0x10 ./Static_Code/System/PE_low_level_init.o
 .debug_macro   0x00012257       0x11 ./Static_Code/System/PE_low_level_init.o
 .debug_macro   0x00012268       0x10 ./Static_Code/System/PE_low_level_init.o
 .debug_macro   0x00012278       0x10 ./Static_Code/System/PE_low_level_init.o
 .debug_macro   0x00012288       0x10 ./Static_Code/System/PE_low_level_init.o
 .debug_macro   0x00012298       0x3e ./Static_Code/System/PE_low_level_init.o
 .debug_macro   0x000122d6       0x19 ./Static_Code/System/PE_low_level_init.o
 .debug_macro   0x000122ef       0x10 ./Static_Code/System/PE_low_level_init.o
 .debug_macro   0x000122ff       0x28 ./Static_Code/System/PE_low_level_init.o
 .debug_macro   0x00012327       0x22 ./Static_Code/System/PE_low_level_init.o
 .debug_macro   0x00012349       0x1c ./Static_Code/System/PE_low_level_init.o
 .debug_macro   0x00012365      0x2e7 ./Sources/main.o
 .debug_macro   0x0001264c      0x2c0 ./SDK/platform/utilities/src/fsl_debug_console.o
 .debug_macro   0x0001290c       0x58 ./SDK/platform/utilities/src/fsl_debug_console.o
 .debug_macro   0x00012964       0x16 ./SDK/platform/utilities/src/fsl_debug_console.o
 .debug_macro   0x0001297a       0x97 ./SDK/platform/utilities/src/fsl_debug_console.o
 .debug_macro   0x00012a11       0xef ./SDK/platform/utilities/src/fsl_debug_console.o
 .debug_macro   0x00012b00       0x4a ./SDK/platform/utilities/src/fsl_debug_console.o
 .debug_macro   0x00012b4a       0x10 ./SDK/platform/utilities/src/fsl_debug_console.o
 .debug_macro   0x00012b5a       0x22 ./SDK/platform/utilities/src/fsl_debug_console.o
 .debug_macro   0x00012b7c       0xbd ./SDK/platform/utilities/src/fsl_debug_console.o
 .debug_macro   0x00012c39       0x16 ./SDK/platform/utilities/src/fsl_debug_console.o
 .debug_macro   0x00012c4f      0x14a ./SDK/platform/utilities/src/fsl_debug_console.o
 .debug_macro   0x00012d99       0x35 ./SDK/platform/utilities/src/fsl_debug_console.o
 .debug_macro   0x00012dce      0x20f ./SDK/platform/utilities/src/fsl_debug_console.o
 .debug_macro   0x00012fdd       0x82 ./SDK/platform/utilities/src/fsl_debug_console.o
 .debug_macro   0x0001305f       0x22 ./SDK/platform/utilities/src/fsl_debug_console.o
 .debug_macro   0x00013081      0x2a6 ./SDK/platform/utilities/src/fsl_debug_console.o
 .debug_macro   0x00013327       0x10 ./SDK/platform/utilities/src/fsl_debug_console.o
 .debug_macro   0x00013337      0x257 ./SDK/platform/utilities/src/print_scan.o
 .debug_macro   0x0001358e       0x10 ./SDK/platform/utilities/src/print_scan.o
 .debug_macro   0x0001359e       0x52 ./SDK/platform/utilities/src/print_scan.o
 .debug_macro   0x000135f0       0x94 ./SDK/platform/utilities/src/print_scan.o
 .debug_macro   0x00013684      0x1f8 ./SDK/platform/system/src/clock/MKL25Z4/fsl_clock_MKL25Z4.o
 .debug_macro   0x0001387c      0x22e ./SDK/platform/system/src/clock/fsl_clock_manager.o
 .debug_macro   0x00013aaa      0x1e8 ./SDK/platform/system/src/clock/fsl_clock_manager_common.o
 .debug_macro   0x00013c92      0x212 ./SDK/platform/osa/src/fsl_os_abstraction_bm.o
 .debug_macro   0x00013ea4      0x174 ./SDK/platform/hal/src/uart/fsl_uart_hal.o
 .debug_macro   0x00014018      0x174 ./SDK/platform/hal/src/mcg/fsl_mcg_hal.o
 .debug_macro   0x0001418c      0x174 ./SDK/platform/hal/src/lpsci/fsl_lpsci_hal.o
 .debug_macro   0x00014300      0x158 ./SDK/platform/devices/MKL25Z4/startup/system_MKL25Z4.o
 .debug_macro   0x00014458      0x167 ./SDK/platform/devices/startup.o
 .debug_macro   0x000145bf      0x2e7 ./Generated_Code/Cpu.o
 .debug_macro   0x000148a6       0x16 ./Generated_Code/Cpu.o
 .debug_macro   0x000148bc      0x1b1 ./Generated_Code/hardware_init.o
 .debug_macro   0x00014a6d      0x2b1 ./Generated_Code/osa1.o
 .debug_macro   0x00014d1e      0x1a5 ./Generated_Code/pin_init.o

.debug_line     0x00000000     0x8cdd
 .debug_line    0x00000000      0x943 ./Static_Code/System/PE_low_level_init.o
 .debug_line    0x00000943      0x990 ./Sources/main.o
 .debug_line    0x000012d3      0xa56 ./SDK/platform/utilities/src/fsl_debug_console.o
 .debug_line    0x00001d29      0x6dc ./SDK/platform/utilities/src/print_scan.o
 .debug_line    0x00002405      0xd7e ./SDK/platform/system/src/clock/MKL25Z4/fsl_clock_MKL25Z4.o
 .debug_line    0x00003183      0xb3f ./SDK/platform/system/src/clock/fsl_clock_manager.o
 .debug_line    0x00003cc2      0x6ab ./SDK/platform/system/src/clock/fsl_clock_manager_common.o
 .debug_line    0x0000436d      0xb7e ./SDK/platform/osa/src/fsl_os_abstraction_bm.o
 .debug_line    0x00004eeb      0x74a ./SDK/platform/hal/src/uart/fsl_uart_hal.o
 .debug_line    0x00005635      0x7c2 ./SDK/platform/hal/src/mcg/fsl_mcg_hal.o
 .debug_line    0x00005df7      0x794 ./SDK/platform/hal/src/lpsci/fsl_lpsci_hal.o
 .debug_line    0x0000658b       0x77 ./SDK/platform/devices/MKL25Z4/startup/gcc/startup_MKL25Z4.o
 .debug_line    0x00006602      0x509 ./SDK/platform/devices/MKL25Z4/startup/system_MKL25Z4.o
 .debug_line    0x00006b0b      0x3f9 ./SDK/platform/devices/startup.o
 .debug_line    0x00006f04      0x944 ./Generated_Code/Cpu.o
 .debug_line    0x00007848      0x5b0 ./Generated_Code/hardware_init.o
 .debug_line    0x00007df8      0x89b ./Generated_Code/osa1.o
 .debug_line    0x00008693      0x64a ./Generated_Code/pin_init.o

.debug_str      0x00000000    0xa23ca
 .debug_str     0x00000000    0x9bb69 ./Static_Code/System/PE_low_level_init.o
                              0x9c05b (size before relaxing)
 .debug_str     0x0009bb69      0x1e1 ./Sources/main.o
                              0x9c1e2 (size before relaxing)
 .debug_str     0x0009bd4a     0x2354 ./SDK/platform/utilities/src/fsl_debug_console.o
                              0x9e220 (size before relaxing)
 .debug_str     0x0009e09e      0x8e9 ./SDK/platform/utilities/src/print_scan.o
                               0x6854 (size before relaxing)
 .debug_str     0x0009e987     0x11ef ./SDK/platform/system/src/clock/MKL25Z4/fsl_clock_MKL25Z4.o
                              0x9d07b (size before relaxing)
 .debug_str     0x0009fb76      0xc85 ./SDK/platform/system/src/clock/fsl_clock_manager.o
                              0x9d241 (size before relaxing)
 .debug_str     0x000a07fb       0x50 ./SDK/platform/system/src/clock/fsl_clock_manager_common.o
                              0x9bc81 (size before relaxing)
 .debug_str     0x000a084b      0x75e ./SDK/platform/osa/src/fsl_os_abstraction_bm.o
                              0x9c5e9 (size before relaxing)
 .debug_str     0x000a0fa9      0x4c8 ./SDK/platform/hal/src/uart/fsl_uart_hal.o
                              0x9c15f (size before relaxing)
 .debug_str     0x000a1471      0x5a7 ./SDK/platform/hal/src/mcg/fsl_mcg_hal.o
                              0x9c346 (size before relaxing)
 .debug_str     0x000a1a18      0x518 ./SDK/platform/hal/src/lpsci/fsl_lpsci_hal.o
                              0x9c267 (size before relaxing)
 .debug_str     0x000a1f30       0xcf ./SDK/platform/devices/MKL25Z4/startup/system_MKL25Z4.o
                              0x9bcf8 (size before relaxing)
 .debug_str     0x000a1fff      0x126 ./SDK/platform/devices/startup.o
                              0x9ba61 (size before relaxing)
 .debug_str     0x000a2125       0x5d ./Generated_Code/Cpu.o
                              0x9c24d (size before relaxing)
 .debug_str     0x000a2182       0x30 ./Generated_Code/hardware_init.o
                              0x9bdda (size before relaxing)
 .debug_str     0x000a21b2       0xc0 ./Generated_Code/osa1.o
                              0x9c4f1 (size before relaxing)
 .debug_str     0x000a2272      0x158 ./Generated_Code/pin_init.o
                              0x9bd2d (size before relaxing)

.comment        0x00000000       0x70
 .comment       0x00000000       0x70 ./Static_Code/System/PE_low_level_init.o
                                 0x71 (size before relaxing)
 .comment       0x00000000       0x71 ./Sources/main.o
 .comment       0x00000000       0x71 ./SDK/platform/utilities/src/fsl_debug_console.o
 .comment       0x00000000       0x71 ./SDK/platform/utilities/src/print_scan.o
 .comment       0x00000000       0x71 ./SDK/platform/system/src/clock/MKL25Z4/fsl_clock_MKL25Z4.o
 .comment       0x00000000       0x71 ./SDK/platform/system/src/clock/fsl_clock_manager.o
 .comment       0x00000000       0x71 ./SDK/platform/system/src/clock/fsl_clock_manager_common.o
 .comment       0x00000000       0x71 ./SDK/platform/osa/src/fsl_os_abstraction_bm.o
 .comment       0x00000000       0x71 ./SDK/platform/hal/src/uart/fsl_uart_hal.o
 .comment       0x00000000       0x71 ./SDK/platform/hal/src/mcg/fsl_mcg_hal.o
 .comment       0x00000000       0x71 ./SDK/platform/hal/src/lpsci/fsl_lpsci_hal.o
 .comment       0x00000000       0x71 ./SDK/platform/devices/MKL25Z4/startup/system_MKL25Z4.o
 .comment       0x00000000       0x71 ./SDK/platform/devices/startup.o
 .comment       0x00000000       0x71 ./Generated_Code/Cpu.o
 .comment       0x00000000       0x71 ./Generated_Code/hardware_init.o
 .comment       0x00000000       0x71 ./Generated_Code/osa1.o
 .comment       0x00000000       0x71 ./Generated_Code/pin_init.o

.debug_frame    0x00000000     0x345c
 .debug_frame   0x00000000       0x48 ./Static_Code/System/PE_low_level_init.o
 .debug_frame   0x00000048      0x110 ./Sources/main.o
 .debug_frame   0x00000158      0x230 ./SDK/platform/utilities/src/fsl_debug_console.o
 .debug_frame   0x00000388       0xfc ./SDK/platform/utilities/src/print_scan.o